[dotenv@17.3.1] injecting env (12) from .env.local -- tip: 🛡️ auth for agents: https://vestauth.com
═══════════════════════════════════════════════════════════
  Known-Issues Audit Sample
  Size: 50
  Output: audit-bmw-1779438260052.json
═══════════════════════════════════════════════════════════

Loading ALL published issues for make="BMW"...
Sampled 355 issues across 1 makes

  [1/355] BMW 3 Series: Electric Water Pump Failure... ~ minor: Year range 2012-2018 is inaccurate: the 335i (N55) was produ
  [2/355] BMW 3 Series: Driveshaft Flex Disc (Guibo) Failure... ✓ verified
  [3/355] BMW 3 Series: Valve Cover/Gasket Oil Leak... ~ minor: P0174 (System Too Lean Bank 2) does not apply to the N20/N26
  [4/355] BMW 3 Series: Oil Filter Housing Gasket Leak... ~ minor: Repair cost range ($200-$500) is on the low end; most source
  [5/355] BMW 3 Series: VANOS Solenoid/System Issues... ✓ verified
  [6/355] BMW 3 Series: High Pressure Fuel Pump (HPFP) Failure... ! major: Vehicle list incorrectly groups N54 335i with 335d (diesel, 
  [7/355] BMW 3 Series: Intake Valve Carbon Buildup... ~ minor: M340i (G20) is a 2020+ model, not in 2012-2018 range - shoul
  [8/355] BMW 3 Series: Charge Pipe Failure/Cracking... ✓ verified
  [9/355] BMW M3: S65 V8 Rod Bearing Premature Failure... ! major: DTC codes listed (P0300-P0306) are misfire codes that do not
  [10/355] BMW 3 Series: High-Pressure Fuel Injector Issues... ! major: Engines in 2012-2018 F30 3 Series (N20, N26, N55, B48, B58) 
  [11/355] BMW 3 Series: Wastegate/Boost Solenoid Issues... ! major: M340i is a G20 chassis (2020+) and does not exist in the 201
  [12/355] BMW X5: N63 Twin-Turbo V8 Excessive Oil Consumption... ~ minor: DTC codes (P0300, P0420, P0430) are not the standard diagnos
  [13/355] BMW M3: S55 Crank Hub Slip/Failure... ! major: DTC codes P0234/P0299 are turbo boost-related codes, not the
  [14/355] BMW M3: S65 Throttle Body Actuator Failure... ~ minor: DTC codes listed as 'none' but well-documented codes exist: 
  [15/355] BMW 5 Series: N63 Hot-Vee Engine Excessive Oil Consumption... ~ minor: DTC codes listed (P0420/P0430/P0430, P0300) are catalytic co
  [16/355] BMW X3: N20 Timing Chain Guide Failure... ~ minor: Year range slightly off: N20 was introduced in X3 for MY 201
  [17/355] BMW X6: N63 Valve Stem Seal Degradation and Oil Burning... ~ minor: Year range too broad: the severe valve stem seal/oil consump
  [18/355] BMW M3: S55 Plastic Charge Pipe Cracking... ~ minor: Description geometry is inaccurate: the S55 hot-side charge 
  [19/355] BMW M3: VANOS Solenoid Wear and Failure... ~ minor: DTC codes listed are generic OBD-II camshaft timing codes; B
  [20/355] BMW X5: Transfer Case Actuator Motor Failure... ~ minor: DTC codes listed as 'none' but fault codes 5F39/5F3A are com
  [21/355] BMW M240i: Coolant Loss from Expansion Tank and Water Pump Fa... ! major: DTC codes P26B4 and P26B5 are incorrect — these are generic 
  [22/355] BMW X1: N20 Timing Chain Guide Failure... ✓ verified
  [23/355] BMW 7 Series: N63/S63 Twin-Turbo V8 Excessive Oil Consumption... ! major: 760i uses the N74 V12 engine, NOT the N63/S63 V8 - this is f
  [24/355] BMW M4: S55 Crank Hub Bolt Loosening... ~ minor: Repair cost range ($400-$1200) is significantly underestimat
  [25/355] BMW 5 Series: Electric Water Pump and Thermostat Failure... ! major: DTC codes appear incorrect - the documented BMW codes for el
  [26/355] BMW i3: 12V Auxiliary Battery Parasitic Drain... ~ minor: Root cause is typically aging AGM battery failure and DC-DC 
  [27/355] BMW M340i: Coolant Loss from Expansion Tank and Water Pump... ~ minor: DTC codes P26B4/P26B5 are not clearly documented as the spec
  [28/355] BMW M4: Plastic Charge Pipe Blow-Off Under Boost... ✓ verified
  [29/355] BMW X3: Electric Water Pump Failure... ! major: DTC codes P2BA4 and P26B4 are not the standard codes associa
  [30/355] BMW X5: Rear Air Suspension Compressor Failure... ✗ network
  [31/355] BMW 7 Series: Air Suspension Compressor and Air Spring Failure... ~ minor: G70 (2023+) generation is too new to have documented widespr
  [32/355] BMW M2: S55 Crank Hub Bolt Loosening... ! major: Year/trim range is wrong: base 2016-2018 M2 uses N55 engine,
  [33/355] BMW X1: Oil Filter Housing Gasket Leak... ~ minor: Repair cost range ($300-$800) is on the low end; gasket-only
  [34/355] BMW XM: Integrated Brake System (IBS) Malfunction - NHTSA ... ✓ verified
  [35/355] BMW Z4: Retractable Hard Top Hydraulic Mechanism Failure... ~ minor: Severity 'high' is overstated - this is not safety-critical;
  [36/355] BMW M3: E92 Rear Differential Mount and Subframe Stress... ! major: Conflates two separate issues: differential bushing wear (re
  [37/355] BMW M3: EDC Electronic Damper Control System Failure... ✓ verified
  [38/355] BMW M3: S55/S58 Electric Water Pump Failure... ~ minor: Year range 2015-2023 is misleading - F80 M3 (S55) production
  [39/355] BMW 1 Series: N20 Timing Chain and Guide Failure... ~ minor: Year range 2012-2019 is too broad; the N20 engine in the 1 S
  [40/355] BMW M240i: Plastic Charge Pipe Failure Under Boost... ~ minor: B58 charge pipe failures are significantly less common than 
  [41/355] BMW i3: Range Extender (REx) Engine Reliability Issues... ~ minor: Repair cost ceiling of $3000 is low - forum reports indicate
  [42/355] BMW M240i: Valve Cover Gasket Oil Leak... ~ minor: Repair cost estimate ($500-$900) appears low; RepairPal esti
  [43/355] BMW X5: Coolant Transfer Pipe Leak (Valley Pan)... ✗ parse_failed
  [44/355] BMW i4: iDrive 8 Software and Infotainment Glitches... ✓ verified
  [45/355] BMW 4 Series: N20 Timing Chain Guide Failure (428i)... ✓ verified
  [46/355] BMW M340i: Intake Valve Carbon Buildup... ~ minor: Carbon buildup is a known direct-injection trait but the B58
  [47/355] BMW X3: Valve Cover Gasket Oil Leak... ~ minor: Year range slightly off: 2011-2012 X3 (F25) used N52 inline-
  [48/355] BMW 1 Series: Oil Filter Housing Gasket Leak... ~ minor: Year range slightly off: N20 engine was produced 2011-2017, 
  [49/355] BMW 6 Series: N63 Valve Stem Seal Degradation and Oil Burning... ~ minor: Severity 'high' may be miscategorized per provided definitio
  [50/355] BMW i8: 12V Battery Parasitic Drain... ✓ verified
  [51/355] BMW M5: S63 Twin-Turbo V8 Rod Bearing Wear... ~ minor: Rod bearing wear in the S63/S63TU is documented but is consi
  [52/355] BMW M240i: VANOS Solenoid O-Ring Failure... ~ minor: DTC codes P0021 and P0022 are bank 2 codes; the B58 is an in
  [53/355] BMW X3: Transfer Case Actuator Motor Failure... ~ minor: Year range 2011-2026 excludes the most commonly affected E83
  [54/355] BMW 1 Series: Electric Water Pump Failure... ! major: DTC codes P2BA4/P2BA5 are incorrect - these are NOx sensor/d
  [55/355] BMW i4: 12V Auxiliary Battery Drain... ~ minor: Root cause description is partially inaccurate - most docume
  [56/355] BMW X6: Adaptive Drive System Malfunction... ✗ parse_failed
  [57/355] BMW 4 Series: B58 Charge Pipe Pop-Off Under Boost... ~ minor: Year range 2017-2025 is too broad; the documented failure is
  [58/355] BMW i3: High-Voltage Battery Degradation... ~ minor: Degradation magnitude understated for some early 60Ah packs:
  [59/355] BMW XM: Harsh Ride Quality and Suspension Stiffness... ✓ verified
  [60/355] BMW iX: DC Fast Charging Speed Inconsistency... ~ minor: Year range 2022-2026 may be overly broad; BMW issued a softw
  [61/355] BMW M3: G80 Integrated Brake System Weld Defect... ✗ parse_failed
  [62/355] BMW M3: G80 S58 Engine Carbon Buildup on Intake Valves... ✓ verified
  [63/355] BMW i8: Hybrid High-Voltage System Faults... ✗ parse_failed
  [64/355] BMW 2 Series: Valve Cover Gasket Oil Leak... ~ minor: DTC codes P0300-P0304 (misfire codes) are only secondary/ind
  [65/355] BMW M2: DCT (M-DCT) Mechatronics Unit Failure... ~ minor: Severity likely overstated as 'high' - limp mode is drivabil
  [66/355] BMW M340i: Turbo Wastegate Rattle at Idle... ~ minor: Wastegate rattle on B58 is more commonly reported during dec
  [67/355] BMW X6: Rear Differential Bushing Deterioration... ~ minor: X6-specific documentation is limited; most evidence comes fr
  [68/355] BMW Z4: B58 Coolant Expansion Tank Cracking... ~ minor: B58 engine only available in Z4 M40i trim, not 'any trim' (s
  [69/355] BMW X1: Transfer Case Actuator Motor Failure... ! major: Year range too broad: the actuator motor/transfer case failu
  [70/355] BMW 4 Series: Valve Cover Gasket Leak and PCV Failure... ✓ verified
  [71/355] BMW 7 Series: iDrive Head Unit and CIC/NBT Module Failures... ~ minor: NBT system was introduced on F01 LCI (2012+) not exclusively
  [72/355] BMW i3: Electric AC Compressor Failure... ~ minor: Description omits the catastrophic 'Black Death' failure mod
  [73/355] BMW iX: Infotainment Screen Blackouts... ~ minor: Severity 'high' may be overstated - most owner reports descr
  [74/355] BMW M5: ZF 8HP Torque Converter Shudder... ~ minor: Transmission variant likely incorrect: F90 M5 uses ZF 8HP75,
  [75/355] BMW X4: Electric Water Pump Failure... ~ minor: DTC code P2BA4 is incorrect/not the standard code for BMW el
  [76/355] BMW M340i: High-Pressure Fuel Pump (HPFP) Failure... ~ minor: B58 HPFP failures are notably rare compared to N54/N55; desc
  [77/355] BMW 5 Series: Coolant Transfer Pipe Leak Behind Engine (N63)... ! major: Description conflates N63 with the famous N62 'valley' coola
  [78/355] BMW i8: Butterfly Door Actuator/Strut Failure... ~ minor: i8 butterfly doors are primarily manually operated with gas 
  [79/355] BMW M5: DCT/Transmission Hydraulic Pump Failure... ! major: The well-documented 'hydraulic pump failure' is an E60 M5 (2
  [80/355] BMW X7: Panoramic Sunroof Rattle and Creak... ~ minor: TSB cause description is slightly off: BMW SIB 54 11 19 attr
  [81/355] BMW XM: Hybrid Drivetrain Hesitation and Power Delivery La... ~ minor: Issue description is somewhat consistent with documented rev
  [82/355] BMW 2 Series: B48 Engine Coolant Loss from Expansion Tank... ~ minor: The most commonly documented B48 coolant leak source is the 
  [83/355] BMW i4: Heat Pump Malfunction in Cold Weather... ~ minor: The described root cause conflates two distinct systems: mos
  [84/355] BMW iX3: iDrive Infotainment Software Freezes and Reboots... ~ minor: First-gen iX3 (G08) was not sold in the US market during 202
  [85/355] BMW X4: N20 Timing Chain Guide Failure... ! major: Year range is largely incorrect: the N20 timing chain guide 
  [86/355] BMW Z4: Electric Power Steering Rack Failure... ~ minor: G29 (2019-2026) inclusion is weakly supported - only isolate
  [87/355] BMW 6 Series: ZF 8HP Transmission Mechatronics Sleeve Failure... ! major: Mechatronic sleeve leak is overwhelmingly a ZF 6HP issue, no
  [88/355] BMW M8: S63TU4 V8 Excessive Oil Consumption... ~ minor: BMW's 'normal' threshold for M/Motorsport engines is actuall
  [89/355] BMW X6 M: VANOS Solenoid Oil Sludge Buildup... ~ minor: Year range spans two generations: F86 X6 M was 2015-2019, th
  [90/355] BMW X7: Air Suspension Compressor Failure... ~ minor: Severity 'high' may be overstated - compressor failure is co
  [91/355] BMW M340i: Oil Filter Disintegration in Housing... ! major: Mechanism described incorrectly: failure occurs during filte
  [92/355] BMW 5 Series: Air Suspension Compressor Failure (G30 with Adapti... ~ minor: Description says air suspension is 'optional adaptive air su
  [93/355] BMW iX: Air Suspension Calibration Errors... ~ minor: Year range 2022-2026 is plausible but most reported issues c
  [94/355] BMW M4: Rear Subframe Cracking From Track Use... ✗ parse_failed
  [95/355] BMW X2: Oil Filter Housing Gasket Leak... ~ minor: Repair cost range ($250-$700) is low; B48 OFH access require
  [96/355] BMW i7: OTA Software Update Failures... ✓ verified
  [97/355] BMW X4: Rear Differential Mount Bushing Failure... ✓ verified
  [98/355] BMW X6 M: Transfer Case Actuator Motor Failure... ! major: Transfer case actuator failure is well-documented on BMW X3/
  [99/355] BMW iX3: 12V Auxiliary Battery Drain and Failure... ~ minor: First-generation BMW iX3 (2022-2024) was not sold in the US 
  [100/355] BMW 2 Series: xDrive Transfer Case Actuator Motor Failure... ! major: Transfer case actuator failure is well-documented on BMW X-s
  [101/355] BMW 8 Series: N63/S63 V8 Oil Consumption in M850i... ~ minor: Engine variant is incorrectly labeled 'N63TU4'; the M850i ac
  [102/355] BMW M2: S58 Oil Starvation Under Hard Cornering... ✗ FABRICATED
  [103/355] BMW X2: Front Control Arm Bushing Premature Wear... ✗ parse_failed
  [104/355] BMW X7: B58 Coolant Expansion Tank Crack... ✗ parse_failed
  [105/355] BMW XM: S68 V8 Excessive Oil Consumption... ! major: No documented S68-specific oil consumption issue for 2023-20
  [106/355] BMW 6 Series: Adaptive Headlight Module and Stepper Motor Failur... ~ minor: Root cause is mischaracterized: failures are predominantly c
  [107/355] BMW M8: Driveshaft Center Support Bearing Vibration... ✗ FABRICATED
  [108/355] BMW X2: B48 Timing Chain Tensioner Weakness... ✗ network
  [109/355] BMW 7 Series: Panoramic Glass Roof Cracking and Drain Blockage... ! major: Description references 'G11 and G70' but omits G12 (long-whe
  [110/355] BMW i5: Adaptive Suspension Self-Leveling Calibration Erro... ! major: No widespread documentation of this specific issue for the B
  [111/355] BMW i7: 48V Mild-Hybrid System Faults... ✗ FABRICATED
  [112/355] BMW iX3: Regenerative Braking Lag and Inconsistency... ✗ parse_failed
  [113/355] BMW 8 Series: B58 Engine Coolant Loss from Expansion Tank and Wa... ~ minor: Repair cost range ($350-$800) may be low for an 8 Series at 
  [114/355] BMW M8: Adaptive Suspension Damper Leaks... ~ minor: Issue is documented generally for BMW adaptive M / EDC dampe
  [115/355] BMW XM: Front Passenger Knee Airbag Non-Deployment - NHTSA... ~ minor: Description states cause as 'airbag module mounting or wirin
  [116/355] BMW i7: Air Suspension Compressor Early Failure... ✗ FABRICATED
  [117/355] BMW 8 Series: Adaptive Suspension Damper Malfunction... ~ minor: Issue is generic to BMW EDC/Adaptive M systems rather than s
  [118/355] BMW iX3: Drivetrain Warning from Wire Harness Connection Fa... ~ minor: Severity may be under-calibrated: real-world reports describ
  [119/355] BMW M4 CS: Rapid Brake Pad and Rotor Wear from Track Use... ! major: Description incorrectly states M4 CS has 'standard iron roto
  [120/355] BMW M3 CS: S58 Plastic Charge Pipe Cracking Under Boost... ~ minor: Failure is primarily documented on tuned/modified S58 cars a
  [121/355] BMW M4 CS: S58 Plastic Charge Pipe Cracking Under Boost... ✓ verified
  [122/355] BMW M3 CS: S58 Intake Valve Carbon Buildup... ~ minor: Carbon buildup on S58 is a theoretical/long-term concern rat
  [123/355] BMW M4 CS: S58 Intake Valve Carbon Buildup... ~ minor: Issue is well-documented for S58 engines generally, but few 
  [124/355] BMW M3 CS: iDrive 8 Software Glitches and Screen Blackouts... ✓ verified
  [125/355] BMW Z8: Power Soft Top Hydraulic System and Cable Failure... ~ minor: Description inaccurately mentions 'cables and pulleys' - the
  [126/355] BMW Z8: Steering Column Lower Bearing Wear and Free Play... ! major: Lower steering column bearing wear is a documented issue on 
  [127/355] BMW Z8: Instrument Cluster Neon Backlighting Failure... ✗ FABRICATED
  [128/355] BMW 1 Series: N54 Charge Pipe Failure (135i / 1M)... ✓ verified
  [129/355] BMW 1 Series: N54 High-Pressure Fuel Pump (HPFP) Failure (135i /... ✓ verified
  [130/355] BMW 1 Series: N54 Fuel Injector Failure (135i / 1M)... ✗ parse_failed
  [131/355] BMW 1 Series: N54 Spark Plug & Ignition Coil Failure (135i / 1M)... ! major: DTC codes P0234 (overboost) and P0299 (underboost) are turbo
  [132/355] BMW 1 Series: N54 Wastegate Rattle & Turbo Failure (135i / 1M)... ~ minor: N54 turbos are Mitsubishi TD03L (not TD03) - minor terminolo
  [133/355] BMW 1 Series: Oil Filter Housing Gasket Leak (All 1 Series E82/E... ~ minor: Failure mechanism description is partially inaccurate: on N5
  [134/355] BMW 1 Series: Valve Cover & PCV System Failure (All 1 Series E82... ✓ verified
  [135/355] BMW 1 Series: Electric Water Pump Failure (All 1 Series E82/E88)... ! major: DTC codes are completely wrong - listed P0171/P0174/P0300-P0
  [136/355] BMW 2 Series: Turbo Charge Pipe Failure - F22/F23 228i/230i/M240... ~ minor: M240i uses the B58 engine, not N20/B46/B48 as stated in the 
  [137/355] BMW 2 Series: Electric Water Pump Failure - All Turbocharged Mod... ✗ parse_failed
  [138/355] BMW 2 Series: N20 Timing Chain Premature Failure - F22/F23 228i... ! major: Settlement terms incorrect: actual coverage is 7 years/70,00
  [139/355] BMW 2 Series: Oil Leaks - Valve Cover & Oil Filter Housing - All... ! major: DTC codes P0401-P0404 are incorrect: P0401-P0404 are EGR flo
  [140/355] BMW 3 Series: Carbon Buildup on Intake Valves (Direct Injection ... ~ minor: Year range starts too early (2006); BMW direct-injection N54
  [141/355] BMW 3 Series: N20 Timing Chain Guide Failure (Catastrophic) - F3... ✗ parse_failed
  [142/355] BMW 3 Series: Valve Cover Gasket and Oil Filter Housing Gasket L... ✓ verified
  [143/355] BMW 3 Series: Electric Water Pump Failure (All Engines)... ! major: DTC codes are incorrect - P0171/P0174 (lean fuel) and P0300-
  [144/355] BMW 3 Series: ABS/DSC Module Internal Failure Causing Warning Li... ~ minor: Module manufacturer misidentified: E46 predominantly uses AT
  [145/355] BMW 3 Series: Automatic Transmission No-Reverse / Failsafe Due t... ~ minor: Year range 2000-2005 misses 1999 and 2006 model years; the i
  [146/355] BMW 3 Series: CCV/Oil Separator Failure Causing Vacuum Leaks, Oi... ~ minor: Year range 2000-2005 is slightly off; E46 production spans 1
  [147/355] BMW 3 Series: Cooling System Expansion Tank and Plastic Radiator... ✓ verified
  [148/355] BMW 3 Series: Final Stage Unit (FSU) Blower Resistor Failure Cau... ✓ verified
  [149/355] BMW 3 Series: Front Control Arm Bushings and Ball Joint Wear Cau... ✓ verified
  [150/355] BMW 3 Series: GM5 Body Control Module Relay Failure Causing Door... ✓ verified
  [151/355] BMW 3 Series: Ignition Coil Pack Failure Causing Misfires and Ch... ✓ verified
  [152/355] BMW 3 Series: Rear Subframe / Trunk Floor Mount Cracking and Sep... ✓ verified
  [153/355] BMW 3 Series: Window Regulator Cable and Plastic Carrier Failure... ~ minor: Year range slightly narrow - E46 production was 1999-2006, n
  [154/355] BMW 4 Series: Turbo Charge Pipe Failure - 428i/435i/440i F32/F33... ~ minor: 440i uses B58 engine, not N55 or N20 as stated - description
  [155/355] BMW 4 Series: Convertible Top Hydraulic Pump & Motor Failure - F... ! major: DTC codes P0217 and P0128 are engine coolant temperature cod
  [156/355] BMW 4 Series: Fuel Injector Failure - 428i/430i/435i/440i F32/F3... ~ minor: 440i uses the B58 engine (from 2016+), not N55 - description
  [157/355] BMW 4 Series: N20 Timing Chain Premature Failure - 428i F32/F33/... ✗ parse_failed
  [158/355] BMW 4 Series: N55 VANOS Solenoid Failure - 435i/440i F32/F33/F36... ~ minor: 440i (F32/F33/F36) uses the B58 engine, not N55 - the N55 wa
  [159/355] BMW 4 Series: N55 Electric Water Pump Failure - 435i/440i F32/F3... ! major: 440i and M440i do NOT use the N55 engine - the 440i uses the
  [160/355] BMW 5 Series: Electronic Parking Brake (EPB) Actuator Failure... ! major: Year range 2004-2023 is inaccurate: E60 (2004-2010) 5 Series
  [161/355] BMW 5 Series: N20 Timing Chain Guide Failure (Catastrophic) - F1... ~ minor: Vehicle list mentions 525i and 530i, but in the F10 generati
  [162/355] BMW 5 Series: N54 High Pressure Fuel Pump (HPFP) Failure (Safety... ! major: 540i is a V8 (N62/N63), not N54 — does not have HPFP issue d
  [163/355] BMW 5 Series: N54 Turbo Wastegate Rattle & Turbo Failure... ! major: Year range incorrect: N54 in 5 Series only existed in 535i f
  [164/355] BMW 5 Series: N63 V8 Timing Chain Failure & Valve Stem Seals (Ca... ~ minor: Year range incorrect: 545i (2004-2005 in US) used N62 V8, no
  [165/355] BMW 5 Series: Valve Cover Gasket & Oil Filter Housing Gasket Lea... ✓ verified
  [166/355] BMW 5 Series: Electric Water Pump Failure (All Engines)... ! major: DTC codes listed (P0171, P0174, P0300-P0304) are generic fue
  [167/355] BMW 5 Series: ZF 6HP Transmission Mechatronic Sleeve & Valve Bod... ~ minor: Year range 2004-2013 likely too broad - F10 5 Series (2011+)
  [168/355] BMW 6 Series: Convertible Top Hydraulic Pump & Cylinder Failure ... ! major: DTC codes P0401-P0404 are EGR/secondary air injection powert
  [169/355] BMW 6 Series: N62 Coolant Transfer Pipe Leak (Engine Valley Pipe... ~ minor: DTC codes P0128/P2181 are generic cooling codes and not spec
  [170/355] BMW 6 Series: N62 Valve Stem Seal Failure (Heavy Oil Consumption... ~ minor: DTC codes P0171/P0174 (lean codes) are not typical for valve
  [171/355] BMW 6 Series: N63 Timing Chain Stretch & Guide Failure (F12/F13 ... ~ minor: Vehicle name lists '645Ci' which is incorrect — the 645Ci us
  [172/355] BMW 6 Series: SMG III Hydraulic Pump Failure (M6 and SMG-Equippe... ! major: DTC codes are incorrect - SMG faults are BMW-specific hex co
  [173/355] BMW 7 Series: Air Suspension Compressor & Strut Failure - All Ge... ~ minor: Description incorrectly states 'all four air struts' are req
  [174/355] BMW 7 Series: Widespread Electrical Issues - E65/E66 745i/750i/7... ~ minor: CCC typically stands for 'Car Communication Computer' but is
  [175/355] BMW 7 Series: High-Pressure Fuel Pump Failure - F01/F02 750i/750... ~ minor: HPFP failure is documented on N63 but is not as prominent/wi
  [176/355] BMW 7 Series: N63 Turbocharger Failure - F01/F02 750i/750Li... ~ minor: Year range 2009-2015 is slightly broad; N63 (original, probl
  [177/355] BMW 7 Series: N63 Valvetronic Motor Failure - F01/F02 750i/750Li... ! major: Year range is wrong: pre-2013 N63 (N63B44O0) in 750i did NOT
  [178/355] BMW 8 Series: V12 Nikasil Cylinder Bore Wear (M70/M73)... ✗ FABRICATED
  [179/355] BMW 8 Series: Integrated Brake System (IBS) Failure (All 8 Serie... ! major: DTC codes P0401-P0404 are EGR/emissions codes, not brake sys
  [180/355] BMW 8 Series: N63TU3 Timing Chain Guide Wear (M850i)... ! major: Vehicle trim names are fabricated: '840Ci, 850CSi, 850Ci' ar
  [181/355] BMW 8 Series: N63TU3 Valve Stem Seal Failure & Oil Consumption (... ! major: Trim names are wrong: G15 8 Series trims are 840i, 840i xDri
  [182/355] BMW 8 Series: Premature Tire Wear (All 8 Series & M8)... ✗ parse_failed
  [183/355] BMW 8 Series: ZF 8HP Transmission Mechatronic Issues (All 8 Seri... ! major: DTC codes P0401-P0404 are EGR (Exhaust Gas Recirculation) co
  [184/355] BMW i3: 12V Auxiliary Battery Drain - All I01 Models... ! major: DTC codes P0401-P0404 are EGR (Exhaust Gas Recirculation) em
  [185/355] BMW i3: Electric A/C Compressor Catastrophic Failure ("Bla... ✓ verified
  [186/355] BMW i3: Integrated Hydraulic Brake (IHB) Module Failure... ! major: Description conflates two separate issues: the i3's electro-
  [187/355] BMW i3: Telematics/Connectivity Module (TCB) 3G Shutdown &... ~ minor: Year range slightly inaccurate: 3G TCB was in 2014-2016 i3s;
  [188/355] BMW i3: DC Fast Charging (CCS) Latch Pin & Connector Failu... ✓ verified
  [189/355] BMW i3: Electric Heater & HVAC System Failures - Range Imp... ~ minor: Heat pump availability description is slightly inaccurate - 
  [190/355] BMW i3: Range Extender Stale Fuel & Engine Problems - I01 ... ~ minor: Fuel tank capacity stated as 2.4 gallons; US i3 REx tank is 
  [191/355] BMW i4: 12V Battery Drain - Sleep Mode Failure... ~ minor: Description is truncated mid-sentence ('BMW EVs use sma'); S
  [192/355] BMW i4: Regenerative Braking Pedal Feel Complaints - Grabb... ✓ verified
  [193/355] BMW i4: Drivetrain Malfunction / High Voltage System Shutd... ~ minor: i4 vehicle count is 35,414 per NHTSA, not 35,441 (likely typ
  [194/355] BMW i4: Heat Pump & Cold Weather Range Loss / Coolant Valv... ! major: Year range too broad: affected vehicles are primarily May 20
  [195/355] BMW i4: iDrive 8 Software Bugs - Screen Crashes, Reboots &... ! major: DTC codes P0401-P0404 are EGR (Exhaust Gas Recirculation) em
  [196/355] BMW i4: Pedestrian Warning Sound System Failure (AVAS)... ✓ verified
  [197/355] BMW i5: 12V Auxiliary Battery Drain and Dead Car Syndrome... ~ minor: No specific BMW TSB or NHTSA campaign documented for 12V dra
  [198/355] BMW i5: Regenerative Braking Inconsistency in Cold Weather... ~ minor: Not an i5-specific defect — this is normal, expected behavio
  [199/355] BMW i5: iDrive 8.5 Software Bugs and EV System Errors... ✓ verified
  [200/355] BMW i5: iDrive 9 Software Updates and Calibration Issues... ! major: Incorrect infotainment system: BMW i5 runs iDrive 8.5, not i
  [201/355] BMW i7: Air Suspension Calibration and Sensor Issues... ~ minor: Issue is plausible but weakly documented specifically for th
  [202/355] BMW i7: Level 2+ Driving Assist System Calibration... ✗ parse_failed
  [203/355] BMW i8: 12V Battery & High-Voltage System Interaction Issu... ✓ verified
  [204/355] BMW i8: B38 Turbocharger & Timing Chain Issues - High Mile... ~ minor: DTC codes listed are all camshaft/VVT timing correlation cod
  [205/355] BMW i8: Charging Port & Charge Flap Actuator Failure... ! major: DTC codes P0401-P0404 are incorrect - these are EGR (Exhaust
  [206/355] BMW i8: Hybrid Cooling System Failure - B38 Engine Overhea... ✓ verified
  [207/355] BMW i8: Dihedral (Butterfly) Door Strut & Hinge Wear... ✓ verified
  [208/355] BMW i8: Electrical System Gremlins - Wiring Harness & Modu... ✗ parse_failed
  [209/355] BMW i8: Fuel Tank Ground Cable Weld Defect - Fire Risk (Re... ~ minor: Year range incorrect: recall covers only 2014 model year i8 
  [210/355] BMW iX: 12V Auxiliary Battery Drain - Sleep Mode & Module ... ~ minor: 12V battery capacity (60Ah AGM) for iX is unverified by sear
  [211/355] BMW iX: Air Suspension Compressor & Air Spring Failures - ... ~ minor: Description states '2-axle adaptive air suspension' but BMW 
  [212/355] BMW iX: Panel Gaps & Build Quality Issues... ✓ verified
  [213/355] BMW iX: DC Fast Charging Failures & Reduced Charging Speed... ✓ verified
  [214/355] BMW iX: High Voltage Battery ECU Software - Loss of Drive ... ✓ verified
  [215/355] BMW iX: iDrive 8 System Crashes, Reboots & Screen Blank... ! major: DTC codes P0401-P0404 are EGR (Exhaust Gas Recirculation) em
  [216/355] BMW iX: Phantom Braking & False Forward Collision Warnings... ! major: DTC codes P0401-P0404 are all EGR (Exhaust Gas Recirculation
  [217/355] BMW M2: Turbo Charge Pipe Failure - F87 M2/M2C... ~ minor: Year range 2016-2020 is slightly off: F87 M2 was 2016-2018 (
  [218/355] BMW M2: S55 Crank Hub Failure (CATASTROPHIC) - M2 Competit... ~ minor: Repair cost range ($1200-$2500) is too low; most shops charg
  [219/355] BMW M2: Cooling System Inadequacy Under Track Use - F87 M2... ~ minor: P0128 DTC is incorrect - it indicates coolant BELOW thermost
  [220/355] BMW M2: DCT Dual-Clutch Transmission Shudder & Clutch Wear... ! major: DTC codes P0401-P0404 are completely wrong - they are all EG
  [221/355] BMW M2: N55 Rod Bearing Premature Wear - F87 M2... ! major: DTC codes listed (P0300-P0306) are misfire codes, not releva
  [222/355] BMW M2: Rear Subframe Cracking (Track Use) - F87 M2/M2C... ✗ FABRICATED
  [223/355] BMW M3: Rod Bearing Wear (S54 Engine)... ~ minor: DTC codes listed (P0300-P0306 misfire codes) are not the typ
  [224/355] BMW M3: Rear Subframe Mounting Point Cracking... ✓ verified
  [225/355] BMW M3: Electronic Throttle Actuator (EDR) Failure... ~ minor: DTC codes listed as 'none' but P1637 (and related TPS codes)
  [226/355] BMW M3: VANOS Unit Failure (S54 Double-VANOS)... ~ minor: Year range starts at 2001 but US E46 M3 production began wit
  [227/355] BMW M3: Idle Control Valve (ICV) Failure / Idle Surge... ~ minor: SIB 13-05-08 is a Service Information Bulletin, not a recall
  [228/355] BMW M3: Rod Bearing Failure (S65 V8) - CRITICAL... ~ minor: DTC codes listed (P0300-P0306) are cylinder misfire codes, n
  [229/355] BMW M3: Throttle Actuator Gear Failure (S65 V8)... ~ minor: DTC codes listed as 'none' but well-documented codes 2B15 (T
  [230/355] BMW M3: VANOS Solenoid Failure (S65 V8)... ~ minor: Generic DTC codes (P0011-P0022) listed are not the typical c
  [231/355] BMW M3: Plastic Charge Pipe Failure (S55)... ✓ verified
  [232/355] BMW M3: Crank Hub Slip/Failure (S55) - CRITICAL... ✓ verified
  [233/355] BMW M3: Direct Fuel Injector Failure (S55)... ✗ parse_failed
  [234/355] BMW M3: Electric Water Pump Failure (S55)... ~ minor: Description contradicts itself: says 'electric water pump' t
  [235/355] BMW M3: Adaptive M Suspension Electronic Damper Failure... ~ minor: Severity 'low' may be under-calibrated since the system defa
  [236/355] BMW M3: Plastic Y-Shaped Charge Pipe Failure (S58)... ✗ parse_failed
  [237/355] BMW M3: Coolant System Issues (S58)... ~ minor: DTC codes listed (P0128, P2181) are generic OBD-II codes; BM
  [238/355] BMW M3: iDrive 8 Software/Electronics Issues... ! major: Year range is wrong: 2021-2022 G80 M3s shipped with iDrive 7
  [239/355] BMW M3 CS: Rear Differential Mount Tearing Under Track Use... ✗ FABRICATED
  [240/355] BMW M3 CS: Charge Pipe Cracking Under High Boost (S58 Engine)... ~ minor: Issue is not CS-specific; affects all 2021+ G80/G82/G87 S58 
  [241/355] BMW M4: Convertible Top Hydraulic Pump Failure - F83 M4 Co... ! major: DTC codes P0401-P0404 are EGR (Exhaust Gas Recirculation) po
  [242/355] BMW M4: Cooling System Inadequacy Under Track Use - F82/F8... ~ minor: Year range starts at 2015 but F82/F83 M4 production began in
  [243/355] BMW M4: DCT Dual-Clutch Transmission Shudder & Clutch Wear... ! major: DTC codes P0401-P0404 are EGR (Exhaust Gas Recirculation) co
  [244/355] BMW M4: S55 Crank Hub Failure (CATASTROPHIC) - F82/F83 M4... ~ minor: Repair cost range ($1200-$2500) appears low; aftermarket cra
  [245/355] BMW M4: S55 High-Pressure Fuel Injector Failure - F82/F83 ... ~ minor: Year range starts at 2015 but S55-powered F82/F83 M4 product
  [246/355] BMW M4: S55 Rod Bearing Premature Wear - F82/F83 M4... ! major: Incorrect engine reference: S65 is a V8 (in E9X M3), not a V
  [247/355] BMW M4 CS: Adaptive M Suspension Damper Control Module Fault... ✗ FABRICATED
  [248/355] BMW M4 CS: CFRP Roof Panel Bonding Creak and Rattle... ✗ FABRICATED
  [249/355] BMW M5: ABS/DSC Module Failure Triggering ABS, Brake, and ... ~ minor: DTC codes 5DF0 and 5DF1 are not clearly documented as the st
  [250/355] BMW M5: Clutch Slave Cylinder and Hydraulic Line Failure C... ✓ verified
  [251/355] BMW M5: DCT Dual-Clutch Transmission Wear & Judder - F10 M... ! major: DTC codes P0401-P0404 are EGR (Exhaust Gas Recirculation) em
  [252/355] BMW M5: Door Vapor Barrier and Sunroof Drain Leaks Causing... ✓ verified
  [253/355] BMW M5: E39 M5 VANOS Solenoid/Seal Failure Causing Rattle,... ~ minor: Year range slightly narrow - E39 M5 was produced 1999-2003 (
  [254/355] BMW M5: Front Thrust Arm Bushing Failure Causing 50-60 MPH... ✓ verified
  [255/355] BMW M5: Getrag 420G 6-Speed Synchro Wear and 2nd/3rd Gear ... ~ minor: Severity 'high' may be miscategorized - this is a drivabilit
  [256/355] BMW M5: S63/S63TU Ignition Coil Premature Failure... ~ minor: Year range slightly off: F10 M5 production was 2013-2016 mod
  [257/355] BMW M5: Instrument Cluster Pixel Failure and MID Display D... ✓ verified
  [258/355] BMW M5: MAF Sensor Degradation Causing Lean Codes, Hesitat... ✓ verified
  [259/355] BMW M5: Radiator End Tank and Expansion Tank Cracking Caus... ✓ verified
  [260/355] BMW M5: Rear Ball Joint and Integral Link Wear Causing Clu... ✗ parse_failed
  [261/355] BMW M5: S63 V8 Twin-Turbocharger Failure - F10 M5... ~ minor: Year range slightly narrow - F10 M5 was produced 2011-2017 (
  [262/355] BMW M5: S85 V10 Rod Bearing Premature Failure (CATASTROPHI... ~ minor: DTC codes P0300-P0306 are misfire codes that don't typically
  [263/355] BMW M5: S85 V10 Throttle Body Actuator Failure - E60 M5... ~ minor: DTC codes field says 'none' but well-documented codes 2B15 (
  [264/355] BMW M5: VANOS High-Pressure Pump & Line Failure (CATASTROP... ✗ http_500
  [265/355] BMW M5: SMG III Hydraulic Pump Failure - E60 M5... ! major: DTC codes are completely wrong - listed P0171/P0174/P0300-P0
  [266/355] BMW M5: Timing Chain Guide Wear and Chain Tensioner Noise ... ~ minor: DTC codes P0011/P0021 are cam timing over-advance codes typi
  [267/355] BMW M5: S63/S63TU Valve Stem Seal Failure & Oil Consumptio... ✗ parse_failed
  [268/355] BMW M6: Rod Bearing Premature Wear (S65/S63 Engines)... ! major: Engine code wrong: E63 M6 (2005-2010) used the S85 V10, not 
  [269/355] BMW M6: S63 Twin-Turbo V8 Rod Bearing Concerns (F06/F12/F1... ~ minor: DTC codes P0300-P0306 are misfire codes, not typical indicat
  [270/355] BMW M6: S85 V10 Rod Bearing Failure (Catastrophic Engine D... ! major: DTC codes P0300-P0306 are misfire codes for cylinders 1-6, b
  [271/355] BMW M6: S85 V10 Throttle Actuator Failure (Plastic Gear St... ✓ verified
  [272/355] BMW M6: SMG Hydraulic Pump and Clutch Actuator Failure... ~ minor: Mileage range '60,000-90,000' is misleading - forum evidence
  [273/355] BMW M8: M8 Carbon Ceramic Brake (CCB) Issues... ~ minor: Described as a 'known issue' but evidence suggests these are
  [274/355] BMW M8: S63TU4 Rod Bearing Wear (M8/M8 Competition)... ! major: DTC codes P0300-P0306 are misfire codes, not associated with
  [275/355] BMW X1: Coolant Leaks - Water Pump & Thermostat - F48 X1... ✓ verified
  [276/355] BMW X1: N20 Timing Chain Premature Failure - E84 X1... ~ minor: Settlement coverage stated as 8 years/100,000 miles is incor
  [277/355] BMW X1: Oil Leaks - Valve Cover & Oil Filter Housing - F48... ! major: DTC codes P0401-P0404 are EGR flow/circuit codes unrelated t
  [278/355] BMW X1: Front Suspension Bushing & Control Arm Wear - F48 ... ! major: DTC codes P0401-P0404 are EGR (Exhaust Gas Recirculation) sy
  [279/355] BMW X1: Transfer Case Failure - xDrive Models E84/F48 X1... ! major: Year/chassis range conflates two very different drivetrains:
  [280/355] BMW X2: Crankshaft Sensor Firmware Defect (NHTSA Recall)... ~ minor: DTC codes P0340 and P0345 are camshaft position sensor codes
  [281/355] BMW X2: B48 Oil Filter Housing Gasket Leak/Cracking... ! major: DTC codes P0401-P0404 are EGR flow codes, completely unrelat
  [282/355] BMW X2: Steering Tie Rod Assembly Defect (NHTSA Recall)... ~ minor: Recall only applies to 2019 X2 xDrive28i trim, not 'any trim
  [283/355] BMW X2: Aisin 8-Speed Transmission Jerking... ~ minor: DTC codes are generic transmission codes; only P0741 was spe
  [284/355] BMW X2: Valve Cover Gasket Oil Leak... ~ minor: Repair cost range ($700-$1000) is somewhat high; most indepe
  [285/355] BMW X2: Electric Water Pump Failure... ! major: 2018-2023 BMW X2 (B48 engine) uses a MECHANICAL belt-driven 
  [286/355] BMW X3: Coolant Expansion Tank Cracking... ! major: DTC codes P0401-P0404 are completely wrong - these are EGR (
  [287/355] BMW X3: N20 Timing Chain & Guide Failure (Catastrophic) - ... ~ minor: Vehicle trim list is incorrect: sDrive30i and xDrive30i in t
  [288/355] BMW X3: Oil Filter Housing Gasket Leak (N52, N20 Engines)... ✗ parse_failed
  [289/355] BMW X3: Transfer Case Actuator Motor Failure (xDrive AWD S... ~ minor: Year range overly broad - issue is well-documented on E83 (2
  [290/355] BMW X3: Valve Cover Gasket Oil Leaks (M54, N52 Engines)... ~ minor: F25 X3 (2011-2017) did not use N52 throughout - N52 was only
  [291/355] BMW X3: VANOS Solenoid Failure (N52, N55 Engines)... ~ minor: Trim list contains errors: 2007-2017 X3 was not offered as '
  [292/355] BMW X3: Turbocharger Wastegate Rattle (N55, N20, B58 Engin... ~ minor: B58 engine in G01 X3 M40i (2018-2023) uses an electronic was
  [293/355] BMW X3: Electric Water Pump Failure (N52, N20 Engines)... ! major: DTC codes are incorrect - listed generic codes (P0171, P0174
  [294/355] BMW X3 M: Accelerated Brake Pad & Rotor Wear from Vehicle We... ~ minor: Pad life claim of '15,000-25,000 miles in mixed driving' may
  [295/355] BMW X3 M: Cooling System Heat Soak During Track/Spirited Dri... ✓ verified
  [296/355] BMW X3 M: Rear Differential Mounting Bolt & Bush Failure - F... ~ minor: Repair cost range ($400-$800) likely reflects only preventiv
  [297/355] BMW X3 M: S58 Engine Main Bearing Shell Recall / Stop Sale -... ✓ verified
  [298/355] BMW X3 M: xDrive Transfer Case Stress & Fluid Degradation - ... ! major: DTC codes P0401-P0404 are completely wrong - these are EGR (
  [299/355] BMW X4: N20 Timing Chain Premature Failure - F26 X4 xDrive... ! major: Settlement coverage misstated as 8 years/100,000 miles; actu
  [300/355] BMW X4: Oil Leaks - Valve Cover & Oil Filter Housing - All... ! major: DTC codes P0401-P0404 are incorrect: P0401-P0403 are EGR flo
  [301/355] BMW X4: Transfer Case Actuator Motor Failure - All xDrive ... ✓ verified
  [302/355] BMW X4 M: Accelerated Brake Pad & Rotor Wear from Vehicle We... ~ minor: Description text appears truncated mid-sentence ('5,000-8,')
  [303/355] BMW X4 M: Cooling System Heat Soak During Track/Spirited Dri... ✓ verified
  [304/355] BMW X4 M: Rear Differential Mounting Bolt & Bush Failure - F... ✓ verified
  [305/355] BMW X4 M: S58 Engine Main Bearing Shell Recall / Stop Sale -... ! major: Vehicle variants listed are incorrect: X4 M40i uses the B58 
  [306/355] BMW X4 M: xDrive Transfer Case Stress & Fluid Degradation - ... ! major: DTC codes P0401-P0404 are EGR (Exhaust Gas Recirculation) em
  [307/355] BMW X5: Air Suspension Compressor & Strut Failure (X5-Spec... ✓ verified
  [308/355] BMW X5: Carbon Buildup on Intake Valves (Direct Injection ... ~ minor: Year range starts too early - 2007 X5 used N62 V8 and N52 I6
  [309/355] BMW X5: N63 V8 Timing Chain Failure (Catastrophic) - xDriv... ~ minor: Vehicle trim list includes incorrect engines: 4.6is/4.8is us
  [310/355] BMW X5: N63 Turbocharger Wastegate Rattle & Failure - xDri... ✗ http_529
  [311/355] BMW X5: Oil Leaks - Valve Cover & Oil Pan Gaskets... ✓ verified
  [312/355] BMW X5: Transfer Case Actuator Motor Failure (xDrive AWD S... ✗ http_529
  [313/355] BMW X5: Valve Stem Seal Failure - Excessive Oil Consumptio... ~ minor: DTC codes are weakly related: P0171/P0174 are lean fuel trim
  [314/355] BMW X5: VANOS Solenoid Failure (All Engines)... ~ minor: Claim that VANOS fault codes 'guarantee solenoid failure' is
  [315/355] BMW X5: Electric Water Pump Failure (N52, N55, N63 Engines... ~ minor: Vehicle trim list includes M50i, M60i, xDrive50e which are G
  [316/355] BMW X5: ZF 8HP Transmission Mechatronic Sleeve Leak... ! major: Issue is primarily documented on ZF 6HP transmission, not ZF
  [317/355] BMW X5 M: Heavy-Duty Brake System Accelerated Wear - E70/F85... ~ minor: Year range 2010-2023 includes a gap year (2019) when no X5M 
  [318/355] BMW X5 M: Rear Differential Wear & Fluid Degradation - E70/F... ! major: DTC codes P0401-P0404 are EGR (Exhaust Gas Recirculation) sy
  [319/355] BMW X5 M: S63 Cooling System Component Failures - E70/F85/F9... ! major: DTC codes P0401-P0404 are EGR (Exhaust Gas Recirculation) co
  [320/355] BMW X5 M: S63 V8 Chronic Oil Leaks (Valve Cover, Oil Pan, Tu... ! major: Vehicle trim list is incorrect: 4.4i, 4.6is, 4.8is used M62/
  [321/355] BMW X5 M: S63 V8 Rod Bearing Premature Wear & Failure - E70/... ! major: Vehicle trim list incorrectly includes non-M X5 variants (4.
  [322/355] BMW X5 M: S63 Turbo Coolant Line Plastic T-Fitting Failure (... ~ minor: DTC codes P0234 (overboost) and P0299 (underboost) are turbo
  [323/355] BMW X5 M: S63 VANOS Solenoid Failure - E70/F85/F95 X5 M... ! major: Trim list incorrectly includes non-X5 M variants (4.4i, 4.6i
  [324/355] BMW X5 M: S63 Twin Turbo Wastegate Rattle - E70/F85 X5 M... ~ minor: Year range 2010-2018 is slightly off - E70 X5 M was 2010-201
  [325/355] BMW X5 M: xDrive Transfer Case Actuator Motor Failure - E70/... ~ minor: Year range 2010-2023 is imprecise for X5 M specifically: E70
  [326/355] BMW X6: Air Suspension Compressor & Strut Failure... ~ minor: X6 air suspension is typically rear-only self-leveling (opti
  [327/355] BMW X6: IBS Brake System Recall (G06)... ! major: DTC codes P0401-P0404 are EGR (Exhaust Gas Recirculation) re
  [328/355] BMW X6: N63 Timing Chain Stretch & Guide Failure (E71/F16 ... ~ minor: Title references 'M50i' which is not a correct trim designat
  [329/355] BMW X6: N63 Valve Stem Seal / Oil Consumption (xDrive50i)... ✗ http_529
  [330/355] BMW X6: N63 Turbo Wastegate Rattle (xDrive50i)... ! major: DTC codes listed (P0011, P0012, P0014, P0016, P0017) are cam
  [331/355] BMW X6: Transfer Case Actuator Motor Failure (All xDrive M... ~ minor: Year range likely too broad - G06 (2020+) has improved trans
  [332/355] BMW X6 M: Front Thrust Arm Bushing (Tension Strut) Premature... ✗ http_500
  [333/355] BMW X6 M: S63 Rod Bearing Failure (X6 M)... ! major: Vehicle scope conflates X6 M (S63 engine) with M50i/xDrive50
  [334/355] BMW X7: 48V Mild Hybrid Battery Issues... ! major: DTC codes P0401-P0404 are EGR (Exhaust Gas Recirculation) sy
  [335/355] BMW X7: Air Suspension Compressor & Strut Failure (Standar... ✗ parse_failed
  [336/355] BMW X7: B58 Coolant System Failures (xDrive40i)... ! major: Recall 24V-608 is incorrectly described: it covers MY 2012-2
  [337/355] BMW X7: IBS Brake System Recall... ! major: DTC codes P0401-P0404 are EGR (Exhaust Gas Recirculation) co
  [338/355] BMW X7: N63TU3 Oil Consumption & Valve Stem Seal Degradati... ! major: M60i (2023+) uses the new S68 engine, not N63TU3 - incorrect
  [339/355] BMW X7: Panoramic Sunroof Water Leak... ✓ verified
  [340/355] BMW X7: Premature Tire Wear (Especially 21"/22" Wheels)... ~ minor: Premature wear is mostly attributable to soft-compound summe
  [341/355] BMW Z3: Cooling System Component Failures... ✗ http_500
  [342/355] BMW Z3: Rear Subframe Mounting Point Cracking... ~ minor: Issue is more precisely the differential mount/trunk floor a
  [343/355] BMW Z3: Rear Subframe Mounting Point Cracks... ✓ verified
  [344/355] BMW Z3: VANOS Seal Failure (M52/M54/S52)... ~ minor: DTC codes P0011/P0012/P0014/P0015 are generic camshaft timin
  [345/355] BMW Z4: Convertible Top Hydraulic Pump Motor Failure - E85... ✓ verified
  [346/355] BMW Z4: Rear Subframe Mounting Point Cracking & Spot Weld ... ! major: Description incorrectly states E85 Z4 'shares the E46 platfo
  [347/355] BMW Z4: Power Window Regulator Failure - E85 Z4... ✓ verified
  [348/355] BMW Z4: Retractable Hardtop Drain Clog & Water Intrusion -... ! major: DTC codes P0401-P0404 are EGR (Exhaust Gas Recirculation) fl
  [349/355] BMW Z4: Electric Water Pump Failure - E85 (N52) & E89 Z4... ! major: M40i is incorrectly listed - M40i is a G29 model (2019+), no
  [350/355] BMW Z4: B48/B58 Electric Water Pump & Thermostat Failure -... ! major: DTC codes P0234 and P0299 are turbocharger boost pressure co
  [351/355] BMW Z4: N54 High Pressure Fuel Pump (HPFP) Failure - E89 Z... ~ minor: M40i listed as affected trim is incorrect - the Z4 M40i is a
  [352/355] BMW Z4: N54 Twin Turbo Wastegate Rattle - E89 Z4 sDrive35i... ~ minor: Title incorrectly includes 'M40i' - the M40i trim belongs to
  [353/355] BMW Z4: VANOS Solenoid & System Failure - E85/E89 Z4 (All ... ~ minor: M40i is not an engine option for the E85/E89 Z4 - it belongs
  [354/355] BMW Z8: Instrument Cluster Neon Backlighting Failure... ✗ FABRICATED
  [355/355] BMW Z8: Steering Column Flex and Vague On-Center Feel... ! major: No evidence of 'steering column flex through aluminum space 

═══════════════════════════════════════════════════════════
  Audit Results
═══════════════════════════════════════════════════════════
  Verified:        61/355 (17.2%)
  Minor issues:    162/355 (45.6%)
  Major issues:    92/355 (25.9%)
  Likely fabricated: 11/355 (3.1%)
  Audit errors:    29/355 (8.2%)
  Citation links:  263/339 live (22.4% dead)

Full report written to audit-bmw-1779438260052.json
