[dotenv@17.3.1] injecting env (12) from .env.local -- tip: ⚙️  suppress all logs with { quiet: true }
═══════════════════════════════════════════════════════════
  Known-Issues Audit Sample
  Size: 50
  Output: audit-audi-1779208611242.json
═══════════════════════════════════════════════════════════

Loading ALL published issues for make="Audi"...
Sampled 306 issues across 1 makes

  [1/306] Audi Q7: Air Suspension System Failure (Compressor and Spri... ✓ verified
  [2/306] Audi A4: Timing Chain Tensioner Failure... ~ minor: Engine list is inaccurate: the documented tensioner failure 
  [3/306] Audi Q5: EA888 Timing Chain Tensioner Failure... ~ minor: Year range 2009-2017 is too broad; the defective tensioner w
  [4/306] Audi A3: Diesel Emissions Scandal (Dieselgate)... ~ minor: No 2014 model year Audi A3 TDI was sold in the US; affected 
  [5/306] Audi A4: Excessive Oil Consumption... ~ minor: P0174 (bank 2 lean) is not applicable to the 2.0T inline-4 e
  [6/306] Audi A5: EA888 Timing Chain Tensioner Failure... ✓ verified
  [7/306] Audi Q5: S-Tronic Mechatronic Unit and Clutch Pack Failure... ! major: DL501 S-Tronic was NOT fitted to all 2009-2017 Q5 trims; US-
  [8/306] Audi A4: Water Pump/Thermostat Failure... ✓ verified
  [9/306] Audi A5: S-Tronic/DSG Mechatronic Unit Failure... ~ minor: DTC codes P17BF and P189C are not the most commonly cited co
  [10/306] Audi A4: Intake Valve Carbon Buildup... ~ minor: Repair cost range ($500-$900) is slightly low; typical real-
  [11/306] Audi A6: Air Suspension Compressor Failure... ~ minor: Trim attribution is misleading: US A6 sedans (Premium Plus/P
  [12/306] Audi Q5: Thermostat Housing Leak and Coolant Loss... ~ minor: On the EA888 2.0T, the thermostat is integrated into the wat
  [13/306] Audi A4: PCV Valve/Breather System Failure... ~ minor: P052E is a PCV-related code but is more commonly seen on dif
  [14/306] Audi A6: Supercharger Nose Cone Bearing Wear... ~ minor: Most commonly reported failure point on the Eaton TVS1320 is
  [15/306] Audi A3: DPF (Diesel Particulate Filter) Clogging... ~ minor: Year range '2010-2015' is inaccurate for US market: Audi A3 
  [16/306] Audi A4: Ignition Coil Failure... ✓ verified
  [17/306] Audi A4 allroad: Electric Water Pump Premature Failure... ~ minor: Description inaccurately calls the main water pump 'electric
  [18/306] Audi Q3: Water Pump Failure and Coolant Leak... ~ minor: Failure mode description is slightly inaccurate: the primary
  [19/306] Audi Q7: Supercharger Nose Cone Bearing and Clutch Wear... ! major: Year range is incorrect: US-market Q7 Mk I ran 2007-2015 (no
  [20/306] Audi A7: Supercharger Nose Cone Bearing Wear... ~ minor: Failure mode terminology imprecise: forum/rebuild evidence m
  [21/306] Audi A4: S-Tronic (DSG) Mechatronic Unit Issues... ~ minor: P0741 (torque converter clutch) is not applicable to dual-cl
  [22/306] Audi A5 Sportback: Thermostat Housing Crack and Coolant Leak... ~ minor: Description slightly inaccurate: failure is typically the in
  [23/306] Audi A7: Thermostat Housing Coolant Leak... ~ minor: Location described as 'front of the engine' is inaccurate — 
  [24/306] Audi A4: Coolant Flange/Fitting Leaks... ~ minor: Description says leak is on 'side of engine' but the well-do
  [25/306] Audi A6: MMI Infotainment System Freezing and Black Screen... ✗ parse_failed
  [26/306] Audi Q3: EA888 Timing Chain Tensioner Failure... ~ minor: The US-market 2015-2018 Q3 uses the EA888 Gen 1 (CCTA engine
  [27/306] Audi A5 Sportback: S tronic Dual-Clutch Mechatronic Unit Failure... ! major: US-market 2018+ B9 Audi A5 Sportback predominantly uses the 
  [28/306] Audi Q7: Transfer Case Fluid Leak and Failure... ~ minor: Year range 2007-2019 includes 2016, but US Q7 had no 2016 mo
  [29/306] Audi A8: 4.0T Twin-Turbo Coolant Line Leaks... ~ minor: DTC P0049 (turbo overspeed) is not typical for a coolant lin
  [30/306] Audi A3: EGR Valve/Cooler Failure... ! major: DTC codes are wrong - listed codes (P0171/P0174 lean, P0300-
  [31/306] Audi Q5 Sportback: PCV Valve Diaphragm Failure and Oil Consumption... ! major: PCV diaphragm failure is well-documented on earlier EA888 Ge
  [32/306] Audi Q3: Panoramic Sunroof Drain Clogs and Water Leaks... ~ minor: Year range 2015-2023 is too broad; most documented complaint
  [33/306] Audi A5 Sportback: Panoramic Sunroof Drain Tube Clogging and Water Le... ~ minor: A5 Sportback body style began in 2018 in the US but the plat
  [34/306] Audi A6: 48V Mild Hybrid System Faults... ~ minor: Severity arguably should be 'high' rather than 'medium' - do
  [35/306] Audi A4 allroad: Adaptive Air Suspension Compressor Failure... ✗ FABRICATED
  [36/306] Audi A3: Diesel Injector Failure... ~ minor: Year range likely too broad: US Audi A3 TDI with CBEA/CJAA e
  [37/306] Audi A7: MMI Infotainment and 48V Mild Hybrid System Issues... ~ minor: Severity likely underrated - 48V starter/generator failures 
  [38/306] Audi Q5 Sportback: Rear Brake Squeal and Premature Pad Wear... ~ minor: Premature pad wear at 20,000-25,000 miles is not well-suppor
  [39/306] Audi A8: Adaptive Cruise Control Radar Sensor Failure... ~ minor: DTC codes listed as 'none' but documented codes exist (C110B
  [40/306] Audi Q8: 48V Mild Hybrid System Faults and Start-Stop Issue... ~ minor: DTC codes P0A0F and P0A1A are generic hybrid codes; document
  [41/306] Audi A3: Turbocharger Failure... ! major: Wrong turbocharger identified: 2010-2015 Audi A3 2.0T (gasol
  [42/306] Audi Q5 Sportback: Virtual Cockpit Display Failure and Black Screen... ✗ parse_failed
  [43/306] Audi Q8: MIB3 Dual-Screen Infotainment Freezing and Glitche... ✗ parse_failed
  [44/306] Audi A3: Glow Plug Failure... ! major: DTC codes P0401-P0404 are EGR system codes (EGR Flow Insuffi
  [45/306] Audi A4 allroad: Rear Differential Output Seal Leak... ~ minor: Audi A4 allroad in North America was sold 2013-2016 then ret
  [46/306] Audi A6 allroad: Adaptive Air Suspension Spring Bladder Leaks... ! major: Air suspension bladder leaks are well-documented on older A6
  [47/306] Audi A6 allroad: 3.0T Turbo Wastegate Rattle and Actuator Failure... ! major: Description incorrectly states the EA839 3.0T uses an 'elect
  [48/306] Audi Q8 e-tron: 12V Auxiliary Battery Parasitic Drain... ~ minor: DTC codes U0100 and U0300 are generic communication codes no
  [49/306] Audi RS3: 2.5T DAZA/DNWA High-Pressure Fuel Pump Failure... ~ minor: DTC codes listed as 'none' but P0087 (fuel pressure too low)
  [50/306] Audi S6: 4.0T Direct Injection Carbon Buildup... ~ minor: Year range 2013-2024 is too broad - the C7 S6 with 4.0T TFSI
  [51/306] Audi S8: Adaptive Air Suspension Multi-Point Failure... ~ minor: Year range incorrect: no 2019 S8 was produced (gap between D
  [52/306] Audi A6 allroad: 48V Mild Hybrid System Belt-Alternator-Starter (BA... ~ minor: DTC codes listed (P0A7A, P0A7F, P0AFA) are generic hybrid/ba
  [53/306] Audi S8: ZF 8-Speed Torque Converter and Valve Body Issues... ~ minor: Severity 'high' may be overstated - transmission shudder/har
  [54/306] Audi SQ5: 3.0T Supercharger Bearing and Intercooler Pump Fai... ~ minor: Description conflates 'intercooler water pump' with the main
  [55/306] Audi e-tron GT: Battery Thermal Management Coolant System... ! major: Description conflates two different issues: the actual NHTSA
  [56/306] Audi Cabriolet: Convertible Top Hydraulic System Failure... ~ minor: Severity should be 'medium' not 'high' - convertible top fai
  [57/306] Audi RS4: 2.9T Turbo Coolant Line Degradation... ✗ FABRICATED
  [58/306] Audi RS Q8: Premature Brake Wear on Heavy Performance SUV... ~ minor: Repair cost upper bound ($3,000) is low; full OEM iron rotor
  [59/306] Audi SQ7: Sport Rear Differential Wear... ! major: No documented pattern of sport rear differential clutch pack
  [60/306] Audi TT: Magnetic Ride Damper Leaks... ~ minor: Year range '2008-2025' is slightly off - Audi TT production 
  [61/306] Audi R8: Magnetic Ride Damper Fluid Leaks... ✓ verified
  [62/306] Audi RS3: Magnetic Ride Damper Fluid Leaks... ~ minor: Issue only applies to RS3s optioned with Magnetic Ride/adapt
  [63/306] Audi TT: Electric Water Pump Failure... ! major: Main coolant pump on most TT engines (1.8T, 2.0T EA113/EA888
  [64/306] Audi SQ5: Sport Differential Clutch Pack and Fluid Issues... ✗ FABRICATED
  [65/306] Audi RS4: 2.9T Biturbo V6 Carbon Buildup... ! major: Audi RS4 (B9) was NOT sold in the US market for 2018-2023; o
  [66/306] Audi RS5: Twin-Turbo Coolant Feed Line Cracking... ~ minor: Description inaccurate: documented issue is seepage at conne
  [67/306] Audi RS7: Air Suspension System Failure... ~ minor: Repair cost range $1000-$4000 is on the low end; dealer quot
  [68/306] Audi RS7: 4.0T Carbon Deposit Accumulation... ~ minor: Cause attribution is misleading — carbon buildup on the 4.0T
  [69/306] Audi S7: 4.0T Biturbo Coolant Line and Thermostat Failure... ~ minor: Year range 2012-2024 is too broad - US S7 with 4.0T biturbo 
  [70/306] Audi Cabriolet: Cooling System Hose and Flange Deterioration... ✓ verified
  [71/306] Audi Q8 e-tron: Charge Port Door Actuator and Locking Mechanism Fa... ~ minor: DTC codes appear incorrect - P0AF0 is a hybrid battery volta
  [72/306] Audi TTS: Magnetic Ride Performance Damper Failure... ~ minor: Year range slightly off: TTS production ended 2023, not 2024
  [73/306] Audi Q4 e-tron: Charging Port and CCS Communication Faults... ✗ parse_failed
  [74/306] Audi RS e-tron GT: High-Voltage Battery Thermal Management Coolant Le... ✗ FABRICATED
  [75/306] Audi SQ7: 4.0T Turbo Coolant Lines in SUV Application... ! major: Primary documented coolant issue on 2020-2024 SQ7 is the wat
  [76/306] Audi Q4 e-tron: Battery Cooling System Efficiency Issues... ~ minor: Description mentions 'coolant circuit air pockets' which is 
  [77/306] Audi S8: 4.0T Turbo Coolant System Degradation... ~ minor: Year range 2013-2024 is too broad - the S8 was not sold in t
  [78/306] Audi RS4: Sport Differential Clutch Pack Wear... ! major: Repair cost range ($1500-$4000) is significantly understated
  [79/306] Audi RS5: Rear Sport Differential Failure... ! major: B9 RS5 (2018+) does not typically come with the optional spo
  [80/306] Audi SQ8: Adaptive Air Suspension Strut and Compressor Wear... ~ minor: Severity 'high' may be overcalibrated — air suspension wear 
  [81/306] Audi R8: S-tronic Transmission Actuator Failure... ! major: Transmission name is wrong: the R8's hydraulic actuator fail
  [82/306] Audi RS Q8: 4.0T Turbo Coolant System in SUV Application... ~ minor: DTC codes field is empty but documented Audi TSBs for 4.0 TF
  [83/306] Audi TT: DSG Mechatronic Unit and Clutch Pack Failure... ✗ parse_failed
  [84/306] Audi S5: Thermostat and Water Pump Assembly Failure... ✗ parse_failed
  [85/306] Audi S7: Air Suspension Compressor and Strut Failure... ~ minor: Year range start of 2012 is questionable - Audi S7 (C7) firs
  [86/306] Audi A4 Avant: Panoramic Sunroof Drain Tube Clogging... ~ minor: B8 A4 Avant (2009-2016) has a standard sunroof, not a panora
  [87/306] Audi e-tron GT: Infotainment and OTA Software Instability... ~ minor: OTA updates are largely not available on 2022-2024 e-tron GT
  [88/306] Audi e-tron GT: CCS Fast Charging Communication Errors... ~ minor: Severity 'high' is likely overcalibrated - this is typically
  [89/306] Audi A4 Avant: Tailgate Wiring Harness Chafing and Breakage... ! major: Described failure mode (harness chafing at hinge causing wir
  [90/306] Audi TTS: S-tronic DSG Mechatronic and Clutch Wear... ✗ parse_failed
  [91/306] Audi S4: 3.0T Intake Valve Carbon Buildup... ~ minor: Repair cost range $500-$1000 is on the low end; professional
  [92/306] Audi S5: 3.0T Supercharger Intercooler Pump Failure... ! major: Year range 2008-2025 is significantly wrong; the supercharge
  [93/306] Audi 100: Coolant Flange and Hose Deterioration... ! major: Plastic coolant flange failure is a documented issue on Audi
  [94/306] Audi e-tron: OTA Software Update and Infotainment Issues... ~ minor: Original Audi e-tron (2019-2024) largely did NOT support tru
  [95/306] Audi Q8 e-tron: High-Voltage HVAC Compressor Noise and Failure... ~ minor: DTC codes P0A1A (Drive Motor 'A' Performance) and P0A78 (Dri
  [96/306] Audi S3: EA888 Carbon Buildup on Intake Valves... ✗ parse_failed
  [97/306] Audi RS e-tron GT: DC Fast Charging Port Communication Failure... ~ minor: The well-documented TSBs (55 24 97, 55 21 64) are for the ch
  [98/306] Audi e-tron: High-Voltage Battery Coolant Circuit Leak... ✗ parse_failed
  [99/306] Audi RS e-tron GT: Infotainment and OTA Update Software Glitches... ~ minor: OTA framing is misleading — the e-tron GT platform has very 
  [100/306] Audi S6: 4.0T Turbo Coolant Line Failure... ! major: Year range incorrect: 4.0T V8 S6 was only 2013-2018 (C7/C7.5
  [101/306] Audi RS3: 2.5T Five-Cylinder Carbon Buildup... ~ minor: Repair cost range slightly low - typical shop pricing is $70
  [102/306] Audi S7: ZF 8-Speed Torque Converter Shudder... ✗ FABRICATED
  [103/306] Audi RS6: 4.0T TFSI Turbo Coolant Line Failure... ! major: Turbo coolant line cracking from heat cycling is documented 
  [104/306] Audi RS5: 2.9T Biturbo Carbon Deposit Accumulation... ! major: Carbon buildup is not a widely documented problem on the 2.9
  [105/306] Audi S4: 3.0T Supercharger Nose Bearing Failure... ~ minor: Severity 'high' is likely overstated; owners commonly drive 
  [106/306] Audi RS Q8: Adaptive Air Suspension Failure Under SUV Weight... ~ minor: Severity 'high' may be overstated; air suspension failures t
  [107/306] Audi R8: R-tronic/S-tronic Clutch Pack Wear... ~ minor: Year range slightly off - R8 production ended in 2023, not 2
  [108/306] Audi Q4 e-tron: OTA Updates and Software Glitches... ✓ verified
  [109/306] Audi S6: Adaptive Air Suspension Strut Leaks... ~ minor: Severity 'high' may be miscalibrated - while expensive, leak
  [110/306] Audi 90: Power Window Regulator Cable Failure... ✓ verified
  [111/306] Audi SQ8: Sport Differential Clutch Pack and Module Failure... ✗ FABRICATED
  [112/306] Audi Cabriolet: Convertible Top Electrical Control and Switch Fail... ~ minor: Description emphasizes control module/microswitches, but the
  [113/306] Audi e-tron: CCS Charging Port Actuator Failure... ~ minor: Description conflates two related but distinct issues: charg
  [114/306] Audi S3: High-Pressure Fuel Pump (HPFP) Failure... ~ minor: DTC codes field is empty but well-documented codes exist (P0
  [115/306] Audi SQ7: Air Suspension Failure Under Heavy SUV Weight... ~ minor: Description's causal reasoning is misleading - air suspensio
  [116/306] Audi RS7: 4.0T Twin-Turbo Coolant System Degradation... ~ minor: Year range 2014-2026 includes 2019-2020, but the RS7 was not
  [117/306] Audi SQ5: Adaptive Damper and Air Spring Issues... ~ minor: Issue is real but not heavily SQ5-specific; same air spring/
  [118/306] Audi S3: DQ250 DSG Mechatronic Unit Failure... ! major: DQ250 is a 6-speed transmission, not 7-speed as stated; the 
  [119/306] Audi TTS: Water Pump and Thermostat Housing Failure... ~ minor: Year range likely overstated: TT/TTS production ended after 
  [120/306] Audi RS6: 4.0T V8 Carbon Buildup on Intake Valves... ~ minor: Year range starts at 2020 but US-market C8 RS6 began as 2021
  [121/306] Audi SQ8: 4.0T Twin-Turbo Coolant System Degradation... ~ minor: Description generalizes older 4.0T (D4 A8/S8 2013-2018) cool
  [122/306] Audi S4: Thermostat Housing Failure and Coolant Leak... ! major: Year range 2010-2025 is too broad; the supercharged 3.0T S4 
  [123/306] Audi RS6: Adaptive Air Suspension Strut Failure... ~ minor: Failures are documented at both front AND rear struts (not p
  [124/306] Audi S5: Direct Injection Carbon Buildup... ~ minor: Repair cost range ($400-$900) is slightly low for V8 S5 waln
  [125/306] Audi 100: Automatic Transmission Harsh Shifting... ! major: DTC codes P0700/P0730 are OBD-II generic codes (introduced 1
  [126/306] Audi 100: Hydraulic Assist System Leak (Pentosin)... ! major: Year range is inaccurate: the integrated Pentosin power stee
  [127/306] Audi 100: Power Steering Rack Seal Leak... ✓ verified
  [128/306] Audi 100: Vacuum Hose Deterioration Causing Multiple Issues... ~ minor: Year range spans two different platforms (1990-1991 are C3, 
  [129/306] Audi 90: Cooling System Component Failure... ! major: P0128 is an OBD-II code; 1990-1995 Audi 90 uses OBD-I, so th
  [130/306] Audi 90: Hydraulic Valve Lifter Noise... ✗ parse_failed
  [131/306] Audi 90: Hydraulic Valve Lifter Tick on Cold Start... ~ minor: Year range is too broad: the 2.8L V6 (AAH engine) was only a
  [132/306] Audi 90: Window Regulator Clip and Cable Failure... ✗ network
  [133/306] Audi A3: DQ381/DQ250 S tronic Mechatronic or Internal Trans... ~ minor: DTC list mixes accurate codes (P1735/P1736 match Audi TSB 35
  [134/306] Audi A3: Haldex AWD Pump/Filter Contamination Leading to Re... ~ minor: DTC P1889 is not a standard Haldex-specific code; the docume
  [135/306] Audi A3: Panoramic Sunroof Glass Cracking or Exploding and ... ~ minor: Spontaneous glass shattering is documented broadly across pa
  [136/306] Audi A3: Virtual Cockpit/MMI Display Freezing, Rebooting, o... ~ minor: DTC codes U1054 and B2000 are generic communication/body cod
  [137/306] Audi A3: Water Pump/Thermostat Housing Coolant Leaks on EA8... ✓ verified
  [138/306] Audi A4: 12V Battery Drain and No-Start from Faulty Gateway... ~ minor: DTC code formatting is non-standard (U140600, B126301, P0562
  [139/306] Audi A4: 2.0T Cam Follower and High-Pressure Fuel Pump Wear... ✓ verified
  [140/306] Audi A4: ABS Control Module Failure Triggering ABS/Brake Wa... ✓ verified
  [141/306] Audi A4: B6/B7 Front Suspension Control Arm and Tie-Rod Wea... ✓ verified
  [142/306] Audi A4: CVT Multitronic Transmission Failure and PRNDS Fla... ~ minor: DTC P1773 not commonly associated with Multitronic CVT failu
  [143/306] Audi A4: Front Brake Squeal/Judder and Premature Rotor Wear... ✓ verified
  [144/306] Audi A4: Instrument Cluster LCD Pixel Failure and Intermitt... ✓ verified
  [145/306] Audi A4: MMI/Virtual Cockpit Freezing, Rebooting, or Losing... ~ minor: Year range 2022-2025 is questionable: Audi A4 sedan was disc
  [146/306] Audi A4: Rearview Camera Failure or Delayed Image Triggerin... ~ minor: DTC codes (B127B54, U104900, U112300) do not match documente
  [147/306] Audi A4: Sunroof Drain/Seal Water Intrusion Causing Wet Car... ~ minor: Most documented sunroof water-intrusion TSBs and complaints 
  [148/306] Audi A4 allroad: Rear Air Spring Leak on Adaptive Suspension... ✗ FABRICATED
  [149/306] Audi A4 allroad: Excessive Oil Consumption on 2.0T (EA888 Gen 3)... ! major: Oil consumption is most documented on EA888 Gen 2 (CAEB) 200
  [150/306] Audi A4 Avant: Retractable Cargo Cover Latch and Spring Failure... ~ minor: Year range may be overly broad - most documented complaints 
  [151/306] Audi A4 Avant: Multitronic CVT Transmission Failure... ~ minor: DTC codes P0700 and P0730 are generic transmission codes; th
  [152/306] Audi A4 Avant: Rear Upper Shock Mount Bushing Wear... ~ minor: Year range 2009-2025 is overly broad; issue is most document
  [153/306] Audi A5: Front Passenger Airbag Deactivation (ODS Recall)... ! major: Severity miscategorized as 'medium' — this is a safety-criti
  [154/306] Audi A5: Severe Carbon Buildup on Intake Valves (Direct Inj... ~ minor: Year range 2008-2023 is slightly overstated; RepairPal docum
  [155/306] Audi A5: Electrical and Infotainment System Issues (B9)... ✓ verified
  [156/306] Audi A5: Excessive Oil Consumption (2.0 TFSI Engine)... ! major: DTC codes listed (P0011, P0012, P0014, P0016, P0017) are cam
  [157/306] Audi A5: Timing Chain Tensioner Failure (2.0 TFSI Engine)... ✗ parse_failed
  [158/306] Audi A5: Water Pump and Thermostat Failure... ~ minor: DTC codes P0171, P0174, P0300-P0304 are lean/misfire codes t
  [159/306] Audi A5: Supercharger Clutch and Isolator Failure (3.0T V6)... ! major: DTC codes (P0700, P0730, P0741, P0751) are all automatic tra
  [160/306] Audi A5 Sportback: Rear Hatch Lift Support Gas Strut Weakness... ! major: Repair cost range ($80-$200) significantly understated - 201
  [161/306] Audi A5 Sportback: Electric Water Pump Failure (2.0T)... ! major: DTC code 'P26B2' appears incorrect/non-standard; documented 
  [162/306] Audi A6: 2.7T Ignition Coil Pack Failure Causing Misfires a... ✓ verified
  [163/306] Audi A6: 2.7T Turbocharger Oil Supply/Heat-Related Wear Lea... ~ minor: P1555 is 'Charge Pressure Upper Limit Exceeded' (overboost) 
  [164/306] Audi A6: ABS Module / Electronic Brake Control Module Failu... ~ minor: Year range misses 1998-1999 C5 A6 models which use the same 
  [165/306] Audi A6: Severe Carbon Buildup on Intake Valves (Direct Inj... ~ minor: Year range too broad on the late end: 2016+ A6/A7 quietly ad
  [166/306] Audi A6: Electrical Issues (Window Regulators, Door Locks, ... ✓ verified
  [167/306] Audi A6: Front Suspension Multi-Link Control Arm and Tie-Ro... ✓ verified
  [168/306] Audi A6: Gateway Control Module Failure from Liquid Intrusi... ~ minor: Recall number is incorrect: actual Audi recall code is 90V2 
  [169/306] Audi A6: Instrument Cluster Pixel Loss and Intermittent Gau... ! major: DTC 01304 is incorrect - it refers to 'Radio - No Signal/Com
  [170/306] Audi A6: Multitronic CVT Transmission Failure... ! major: DTC codes P17F0, P17F1, and P0868 are Nissan CVT judder code
  [171/306] Audi A6: Excessive Oil Consumption (2.0 TFSI Engine)... ! major: Year range incorrect: 2.0 TFSI was NOT offered in the US-mar
  [172/306] Audi A6: PCV Valve Failure (Rough Idle and Oil Consumption)... ✓ verified
  [173/306] Audi A6: S-Tronic (DSG) Dual-Clutch Transmission Issues... ! major: Most A6 C7 models (especially US market) use the ZF 8-speed 
  [174/306] Audi A6: Timing Chain Tensioner Failure (3.2L V6 & 4.2L V8)... ~ minor: Vehicle list includes '3.0T' trim - the supercharged 3.0T wa
  [175/306] Audi A6: Water Pump and Thermostat Failure (Overheating)... ! major: DTC codes are wrong — P0011/P0012/P0014/P0016/P0017 are cams
  [176/306] Audi A6 allroad: Adaptive Air Suspension Damper Fault... ! major: No documented evidence of widespread adaptive damper valve f
  [177/306] Audi A6 allroad: 48V Mild Hybrid System Battery Degradation... ! major: Misframes the issue: documented failure is the 48V starter/g
  [178/306] Audi A7: Severe Carbon Buildup on Intake Valves (Direct Inj... ! major: Year range 2012-2023 is too broad; documented A7 carbon buil
  [179/306] Audi A7: S-Tronic DSG Transmission Issues (C7)... ! major: Vehicle/transmission mismatch: US-market 2012-2018 Audi A7 3
  [180/306] Audi A7: Gateway Control Module Liquid Intrusion (Recall)... ! major: Incorrect Audi recall code: actual code is 90S9, not '69EI';
  [181/306] Audi A7: PHEV High-Voltage Battery Overheating (Safety Reca... ~ minor: Incorrect NHTSA recall number: actual recall is 24V-898 (not
  [182/306] Audi A7: Supercharger Clutch and Isolator Failure (S7 3.0T)... ! major: DTC codes listed (P0700, P0730, P0741, P0751) are all automa
  [183/306] Audi A7: Timing Chain Tensioner Failure (3.0T Supercharged)... ✓ verified
  [184/306] Audi A8: Adaptive Air Suspension Failure... ✓ verified
  [185/306] Audi A8: Severe Carbon Buildup on Intake Valves... ✓ verified
  [186/306] Audi A8: Door Handle Comfort Access Microswitch Failure Cau... ! major: DTC codes 00955-00958 do not match documented codes for this
  [187/306] Audi A8: Electrical Faults and Sensor Malfunctions... ~ minor: Severity rated 'low' is questionable — the D5 'Drive System 
  [188/306] Audi A8: Front Brake Hose Chafing and Brake Fluid Leak... ✗ FABRICATED
  [189/306] Audi A8: Fuel Pump Control Module Overheating Causing Stall... ✗ FABRICATED
  [190/306] Audi A8: MMI Infotainment System Failures... ! major: DTC codes P0217 and P0128 are engine cooling system codes (e
  [191/306] Audi A8: Sunroof Drain and Plenum Water Intrusion Damaging ... ✓ verified
  [192/306] Audi A8: Timing Chain Tensioner Failure (4.2L V8 & 3.0T)... ~ minor: Audi 4.2L FSI V8 in D4 A8 (2011-2012) is generally considere
  [193/306] Audi A8: ZF 6HP26 Automatic Transmission Torque Converter S... ✗ network
  [194/306] Audi Cabriolet: Convertible Top Hydraulic System Failure... ✓ verified
  [195/306] Audi e-tron: Adaptive Air Suspension Compressor and Line Failur... ~ minor: DTC codes C1260F0 and U112100 could not be independently ver
  [196/306] Audi e-tron: High-Voltage Battery Module Overheating (Recall 93... ~ minor: e-tron Sportback Quattro recall covers 2020-2022, not 2019-2
  [197/306] Audi e-tron: Charge Port Door Actuator Failure and Water Ingres... ~ minor: Description conflates two related but distinct components: t
  [198/306] Audi e-tron: Onboard AC Charger (OBC) Failure... ~ minor: Severity 'high' is miscalibrated - issue is costly but not s
  [199/306] Audi e-tron: Virtual Cockpit and MMI Display Blank/Black Screen... ! major: Audi recall 90VC (NHTSA 25V201) does NOT include the e-tron 
  [200/306] Audi e-tron GT: 800V Battery Module Short Circuit and Fire Risk (R... ~ minor: Recall number cited as '93VM' but description conflates mult
  [201/306] Audi e-tron GT: Front Axle Brake Hose Tear and Fluid Leak (Recall ... ✓ verified
  [202/306] Audi e-tron GT: DC Fast Charging Power Throttling and Degraded Cha... ! major: Describes normal EV charging behavior (taper above 50-60% SO
  [203/306] Audi e-tron GT: Passenger Occupant Detection System (PODS) Malfunc... ✓ verified
  [204/306] Audi Q3: Brake Pedal Plate Detachment (Safety Recall)... ~ minor: NHTSA recall number is 20V-786, not 20V-720 as stated; Year 
  [205/306] Audi Q3: Carbon Buildup on Intake Valves (Direct Injection)... ✓ verified
  [206/306] Audi Q3: Electrical and Infotainment System Issues... ~ minor: Year range too broad: the specific 'infotainment main unit d
  [207/306] Audi Q3: Excessive Oil Consumption (2.0 TFSI Engine)... ! major: Engine generation is wrong: US-market 2015-2018 Q3 uses EA88
  [208/306] Audi Q3: Steering System Lock (Belt Pulley Circlip Recall)... ! major: Wrong NHTSA recall number: actual is 21V027 (January 2021), 
  [209/306] Audi Q3: Timing Chain Tensioner Failure (2.0 TFSI Engine)... ~ minor: Year range overstates risk: US 2015-2018 Q3 already received
  [210/306] Audi Q3: Water Pump and Thermostat Housing Coolant Leaks... ✗ network
  [211/306] Audi Q4 e-tron: Brake Control Unit Software Defect and Rollaway Ri... ✗ network
  [212/306] Audi Q4 e-tron: Severe Cold Weather Range Loss (Models Without Hea... ✗ network
  [213/306] Audi Q4 e-tron: Headlight Control Module Software Causing Parking ... ✗ network
  [214/306] Audi Q4 e-tron: Software Glitches Causing Cascading Error Messages... ✓ verified
  [215/306] Audi Q5: Direct Injection Carbon Buildup (Intake Valves)... ~ minor: The 3.0T in the B8 S4/SQ5 uses port injection (or supplement
  [216/306] Audi Q5: Coolant Leaks (Thermostat Housing and Hoses)... ~ minor: P0597/P0598/P0599 are electronic thermostat heater circuit c
  [217/306] Audi Q5: Excessive Oil Consumption (2.0T TFSI Engine)... ! major: DTC codes P0234 and P0299 are turbocharger boost pressure co
  [218/306] Audi Q5: Sunroof Drain Tube Clogs (Water Leaks)... ~ minor: Severity 'low' may underestimate risk — clogged drains can f
  [219/306] Audi Q5: Timing Chain Tensioner Failure (Class Action Settl... ~ minor: Year range overstated: class action settlement specifically 
  [220/306] Audi Q5: Transmission Mechatronic Unit Failure (8-Speed Tip... ! major: Mechatronic unit failure is primarily associated with the S-
  [221/306] Audi Q5: Electronic Water Pump Failure (2.0T)... ! major: Year range incorrect: Audi's 2.0T engine was introduced in t
  [222/306] Audi Q5 Sportback: Panoramic Sunroof Wind Noise and Rattle... ~ minor: Description conflates multiple issues - the well-documented 
  [223/306] Audi Q5 Sportback: Virtual Cockpit Display Flickering and Black Scree... ! major: Q5 Sportback is NOT listed among vehicles in the 90VC recall
  [224/306] Audi Q7: Air Suspension Strut Failure and Compressor Issues... ! major: DTC codes P0401-P0404 are completely wrong - these are EGR (
  [225/306] Audi Q7: Severe Carbon Buildup Causing Valve Damage (3.0T T... ~ minor: Severity 'high' is arguably miscategorized - this is a costl
  [226/306] Audi Q7: Supercharger Bearing Failure and Boost Leaks (3.0T... ✗ network
  [227/306] Audi Q7: TDI Diesel Emissions Scandal and Recalls (Dieselga... ✗ network
  [228/306] Audi Q7: TDI Oil Cooler Leak into Brake Booster (Safety Rec... ✗ network
  [229/306] Audi Q7: Timing Chain Tensioner Failure (Catastrophic Engin... ✗ network
  [230/306] Audi Q7: Water Pump and Thermostat Failure (Overheating)... ✗ network
  [231/306] Audi Q8: Adaptive Air Suspension Issues... ~ minor: Adaptive air suspension is optional, not standard on all Q8 
  [232/306] Audi Q8: Severe Carbon Buildup on Intake Valves (3.0T)... ~ minor: Q8 uses newer EA839 turbocharged 3.0T (not supercharged CREC
  [233/306] Audi Q8: MMI Infotainment and Electrical Issues... ✗ parse_failed
  [234/306] Audi Q8 e-tron: 12V Auxiliary Battery Excessive Drain... ✗ http_529
  [235/306] Audi Q8 e-tron: Charge Port Door Actuator Failure... ! major: Repair cost estimate of $200-$500 is significantly too low; 
  [236/306] Audi R8: A/C Compressor Failure Requiring Engine-Out Repair... ✗ parse_failed
  [237/306] Audi R8: Carbon Buildup on Intake Valves (4.2 V8 FSI and 5.... ~ minor: DTC list only covers cylinders 1-4 (P0300-P0304) but V10 has
  [238/306] Audi R8: R-Tronic Clutch Premature Wear and Expensive Repla... ~ minor: Severity 'high' is miscategorized per the provided definitio
  [239/306] Audi R8: Magnetic Ride Suspension Damper Leak and Premature... ✓ verified
  [240/306] Audi R8: Rod Bearing Wear and Engine Failure Risk (4.2 V8 F... ~ minor: Issue is documented but relatively uncommon/anecdotal rather
  [241/306] Audi RS e-tron GT: 800V Battery Module Short Circuit and Fire Risk (R... ✓ verified
  [242/306] Audi RS e-tron GT: Front Axle Brake Hose Tear and Fluid Leak (Recall ... ✗ http_529
  [243/306] Audi RS e-tron GT: Accelerated Tire Wear and Alignment Sensitivity... ✗ http_529
  [244/306] Audi RS Q8: Adaptive Air Suspension Compressor Failure... ✗ http_529
  [245/306] Audi RS Q8: Adaptive Air Suspension Air Spring Leaks... ~ minor: Repair cost range low-end ($800) is unrealistic for RS Q8 ai
  [246/306] Audi RS3: DSG Transmission Issues (7-Speed DQ500)... ~ minor: US-market RS3 didn't arrive until 2017 (8V); year range 2015
  [247/306] Audi RS3: Severe Carbon Buildup on Intake Valves (2.5T 5-Cyl... ~ minor: P0174 (lean bank 2) is incorrect for the 2.5T - it is an inl
  [248/306] Audi RS3: Fuel Injector Failure and "Torch Effect" (2.5T)... ✗ parse_failed
  [249/306] Audi RS4: 4.2L V8 Carbon Buildup on Intake Valves... ✓ verified
  [250/306] Audi RS4: Carbon Buildup on Intake Valves (2.9T Twin-Turbo V... ✗ http_529
  [251/306] Audi RS5: 4.2L V8 Carbon Buildup and High-Rev Issues... ~ minor: DTC codes (P0300-P0308 misfire codes) are plausible secondar
  [252/306] Audi RS5: Direct Injection Carbon Buildup on Intake Valves... ~ minor: DTC misfire codes only cover cylinders 1-3; the 2.9L TFSI is
  [253/306] Audi RS6: Severe Carbon Buildup on Intake Valves (4.0T V8)... ~ minor: DTC list for V8 only includes cylinders 1-4 (P0301-P0304); s
  [254/306] Audi RS6: Premature Motor Mount Failure (4.0T V8)... ~ minor: US-market Audi RS6 was not sold 2013-2019; the C8 RS6 Avant 
  [255/306] Audi RS6: Turbocharger Oil Strainer Failure (4.0T V8) - CRIT... ! major: Vehicle scope is wrong: the C7 RS6 was not sold in the US an
  [256/306] Audi RS7: Turbo Wastegate Rattle and Carbon Buildup... ! major: Year range 2014-2026 is inaccurate - RS7 had a production ga
  [257/306] Audi S3: Carbon Buildup on Intake Valves (Pre-Dual Injectio... ✓ verified
  [258/306] Audi S3: DQ381 S-Tronic Mechatronic Unit Failure... ~ minor: Year range incorrect: DQ381 was not fitted to the Audi S3 un
  [259/306] Audi S3: IS20 Turbocharger Wastegate Rattle and Actuator Fa... ✓ verified
  [260/306] Audi S3: Water Pump and Thermostat Housing Failure (EA888 G... ✓ verified
  [261/306] Audi S4: B5 S4 2.7T Timing Chain Guide Failure... ✗ parse_failed
  [262/306] Audi S4: B5 2.7T Turbocharger Failure... ✗ http_529
  [263/306] Audi S4: B6/B7 4.2L V8 Timing Chain Tensioner Failure... ✓ verified
  [264/306] Audi S5: EA839 Water Pump Internal Leak and Vacuum System C... ~ minor: Engine spec error: the Audi S5 (B9/B9.5) uses the EA839 3.0T
  [265/306] Audi S5: Crankshaft Pulley (Harmonic Balancer) Failure (3.0... ✗ http_529
  [266/306] Audi S5: PCV Valve (Crankcase Vent Valve) Failure (3.0T)... ~ minor: PCV location described as 'rear of engine near firewall' is 
  [267/306] Audi S6: 4.0T Carbon Buildup on Intake Valves... ~ minor: DTC list is incomplete: 4.0T is a V8 with 8 cylinders, so mi
  [268/306] Audi S6: Rearview Camera Image Failure From Software Error... ✓ verified
  [269/306] Audi S6: Takata Passenger Airbag Inflator Recall... ✗ parse_failed
  [270/306] Audi S6: ZF 5HP24 Tiptronic Transmission Valve Body Failure... ✗ http_529
  [271/306] Audi S7: Carbon Buildup on Intake Valves (4.0T Twin-Turbo V... ~ minor: Year range slightly off: Audi S7 (C7) was sold in North Amer
  [272/306] Audi S7: Premature Motor Mount Failure (4.0T V8)... ~ minor: DTC field says 'none' but the active/hydraulic mounts do thr
  [273/306] Audi S7: Excessive Oil Consumption (4.0T V8 Piston Ring Iss... ! major: The 'Engine oil consumption too high' TSB and piston ring re
  [274/306] Audi S7: Turbocharger Oil Strainer Blockage Causing Engine ... ~ minor: Year range states 2012-2017 but recall covers model years 20
  [275/306] Audi S8: Air Suspension Strut Leak and Compressor Failure... ✗ http_529
  [276/306] Audi S8: Coolant Leak from Thermostat Housing and Water Pum... ~ minor: DTC codes P0128 and P0117 are not typical for a coolant leak
  [277/306] Audi S8: Excessive Oil Consumption and Piston Ring TSB (4.0... ✗ http_529
  [278/306] Audi S8: Turbocharger Oil Strainer Blockage and Engine Stal... ~ minor: Complaint count cited as '58' appears inaccurate; NHTSA/Audi
  [279/306] Audi SQ5: Intake Valve Carbon Buildup (Direct Injection)... ✗ parse_failed
  [280/306] Audi SQ5: S-tronic (DL501/0B5) Mechatronic Unit Failure... ✗ FABRICATED
  [281/306] Audi SQ5: PCV Valve Failure Under Supercharger (3.0T)... ✗ http_529
  [282/306] Audi SQ5: Supercharger Seal and Gasket Oil Leaks (3.0T)... ✗ http_529
  [283/306] Audi SQ5: EA839 3.0T Water Pump Internal Leak Causing Cascad... ✓ verified
  [284/306] Audi SQ7: Adaptive Air Suspension Compressor and Air Spring ... ✗ http_529
  [285/306] Audi SQ7: Turbo Coolant Line and Coolant Reservoir Seepage... ! major: Service Campaign 21F2 does NOT apply to the 2020-2024 SQ7; i
  [286/306] Audi SQ7: MIB3 Infotainment System Freezing and Black Screen... ~ minor: Forum reports primarily reference Q7/Q8/A6/A7/A8/RS-series w
  [287/306] Audi SQ7: Turbocharger Oil Supply Filter Clogging (4.0T TFSI... ✗ FABRICATED
  [288/306] Audi SQ7: Valve Cover Gasket Oil Leaks (4.0T V8)... ~ minor: Issue is generically documented for SQ7 but not a widespread
  [289/306] Audi SQ8: Adaptive Air Suspension Compressor and Air Spring ... ~ minor: DTC codes (002F, 01772, 01447) are not clearly verifiable as
  [290/306] Audi SQ8: Driver's Seat Side Airbag Improperly Mounted (Reca... ✗ parse_failed
  [291/306] Audi SQ8: MIB3 Infotainment System Freezing and Black Screen... ~ minor: Year range slightly off: Audi TSB for MIB3 welcome screen/fa
  [292/306] Audi SQ8: Turbocharger Oil Supply Filter Clogging (4.0T TFSI... ✗ FABRICATED
  [293/306] Audi TT: ABS/ESP Control Module Failure Causing Warning Lig... ✗ http_529
  [294/306] Audi TT: Cam Follower Wear (Damages Camshaft and HPFP)... ✗ http_529
  [295/306] Audi TT: Coil Pack Failure and Ignition Misfires on 1.8T En... ✗ http_529
  [296/306] Audi TT: S-Tronic DSG Transmission Issues (Mk2)... ✗ http_529
  [297/306] Audi TT: Front Control Arm Bushings and Ball Joint Wear Cau... ✗ http_529
  [298/306] Audi TT: Haldex AWD Coupling Pump/Controller Failure Leadin... ✗ http_529
  [299/306] Audi TT: High-Speed Stability Recall for Rear Suspension/ES... ✗ http_529
  [300/306] Audi TT: Instrument Cluster Pixel Failure and Intermittent ... ✗ http_529
  [301/306] Audi TT: Tail Light Electrical Connector Corrosion (Mk2)... ✗ http_529
  [302/306] Audi TT: Water Pump Failure (60k Mile Lifespan)... ✗ http_529
  [303/306] Audi TTS: HPFP Cam Follower Wear and High-Pressure Fuel Pump... ✗ http_529
  [304/306] Audi TTS: Carbon Buildup on Intake Valves (2.0 TFSI Direct I... ✗ http_529
  [305/306] Audi TTS: Timing Chain Tensioner Failure (EA888 Gen 1/2 - Mk... ✗ http_529
  [306/306] Audi TTS: Water Pump and Thermostat Housing Failure (2.0 TFS... ✗ http_529

═══════════════════════════════════════════════════════════
  Audit Results
═══════════════════════════════════════════════════════════
  Verified:        38/306 (12.4%)
  Minor issues:    139/306 (45.4%)
  Major issues:    61/306 (19.9%)
  Likely fabricated: 12/306 (3.9%)
  Audit errors:    56/306 (18.3%)
  Citation links:  97/212 live (54.2% dead)

Full report written to audit-audi-1779208611242.json
