[dotenv@17.3.1] injecting env (12) from .env.local -- tip: ⚙️  override existing env vars with { override: true }
═══════════════════════════════════════════════════════════
  Known-Issues Audit Sample
  Size: 50
  Output: audit-mercedes-benz-amg-gt-1779208751141.json
═══════════════════════════════════════════════════════════

Loading ALL published issues for make="Mercedes-Benz" model="AMG GT"...
Sampled 9 issues across 1 makes

  [1/9] Mercedes-Benz AMG GT: Dry Sump Oil System Leak at Scavenge Lines... ! major: No documented evidence of 'scavenge line leaks' as a known/c
  [2/9] Mercedes-Benz AMG GT: Infotainment Screen Delamination... ✗ FABRICATED
  [3/9] Mercedes-Benz AMG GT: Rear Transaxle Mount Failure... ~ minor: Description omits that AMG GT (C190) uses active/adaptive el
  [4/9] Mercedes-Benz AMG GT: Rear Subframe Bushing Wear... ✗ FABRICATED
  [5/9] Mercedes-Benz AMG GT: 12V Battery Drain and No-Start from Control Module... ~ minor: No AMG GT (C192)-specific TSB or NHTSA pattern documented; c
  [6/9] Mercedes-Benz AMG GT: Front Passenger Air Bag May Deactivate Due to Seat... ✗ FABRICATED
  [7/9] Mercedes-Benz AMG GT: Intermittent Brake Warning / Brake Assist Faults L... ! major: No documented widespread brake warning/brake assist sensor i
  [8/9] Mercedes-Benz AMG GT: MBUX / Instrument Cluster Software Freezes and Reb... ~ minor: Year range misses 2026 model year, which is included in the 
  [9/9] Mercedes-Benz AMG GT: Rear-Axle Steering / Driver Assistance Warning Mes... ✗ parse_failed

═══════════════════════════════════════════════════════════
  Audit Results
═══════════════════════════════════════════════════════════
  Verified:        0/9 (0.0%)
  Minor issues:    3/9 (33.3%)
  Major issues:    2/9 (22.2%)
  Likely fabricated: 3/9 (33.3%)
  Audit errors:    1/9 (11.1%)
  Citation links:  1/2 live (50.0% dead)

Full report written to audit-mercedes-benz-amg-gt-1779208751141.json
