[dotenv@17.3.1] injecting env (12) from .env.local -- tip: ⚙️  enable debug logging with { debug: true }
═══════════════════════════════════════════════════════════
  Known-Issues Audit Sample
  Size: 50
  Output: audit-mercedes-benz-1779438177996.json
═══════════════════════════════════════════════════════════

Loading ALL published issues for make="Mercedes-Benz"...
Sampled 147 issues across 1 makes

  [1/147] Mercedes-Benz S-Class: ABC Hydraulic Suspension System Leak... ~ minor: DTC code C1402 is not a commonly cited Mercedes ABC-specific
  [2/147] Mercedes-Benz C-Class: M271 Timing Chain Tensioner Failure... ! major: C300 never used the M271 engine in the US market - C300 used
  [3/147] Mercedes-Benz E-Class: M272 Balance Shaft Gear Wear... ~ minor: P0300 (random misfire) is not a typical DTC for this issue; 
  [4/147] Mercedes-Benz C-Class: SAM Module Failure... ✓ verified
  [5/147] Mercedes-Benz CLA: DCT Transmission Shudder... ! major: Incorrect clutch type: Mercedes 7G-DCT (724.0) uses wet clut
  [6/147] Mercedes-Benz CLS-Class: M272 Balance Shaft Gear Wear and Failure... ~ minor: Affected production range typically ends around 2007/2008 (e
  [7/147] Mercedes-Benz E-Class: 7G-Tronic Conductor Plate Failure... ~ minor: Year range start of 2003 is slightly off - the 722.9 7G-Tron
  [8/147] Mercedes-Benz S-Class: AIRMATIC Air Suspension Compressor Failure... ! major: DTC codes C1131/C1132 are level sensor fault codes (B22/8, B
  [9/147] Mercedes-Benz Sprinter: Diesel Injector Failure and Black Death (OM651/OM6... ~ minor: Engine reference OM654 is questionable for US Sprinter year 
  [10/147] Mercedes-Benz C-Class: 7G-Tronic Valve Body Failure... ✓ verified
  [11/147] Mercedes-Benz SL-Class: ABC (Active Body Control) Hydraulic System Leak... ~ minor: DTC codes C1301/C1401 not specifically verified as the stand
  [12/147] Mercedes-Benz E-Class: Air Suspension Failure (W212)... ~ minor: AIRMATIC was an optional package on W212, not standard acros
  [13/147] Mercedes-Benz M-Class: AIRMATIC Air Suspension Strut and Compressor Failu... ~ minor: DTC codes C1A20 and C1A13 do not appear in standard Mercedes
  [14/147] Mercedes-Benz GLC: 9G-Tronic Harsh Shifting... ~ minor: GLC43 AMG uses the AMG SPEEDSHIFT MCT 9G variant, not the st
  [15/147] Mercedes-Benz Sprinter: DEF/AdBlue SCR System Faults and Derate... ~ minor: Sprinter 1500 designation is unusual/incorrect - Sprinter ty
  [16/147] Mercedes-Benz C-Class: Sunroof Drain Clog Water Damage... ✗ parse_failed
  [17/147] Mercedes-Benz CLS-Class: 7G-Tronic Transmission Valve Body Failure... ✓ verified
  [18/147] Mercedes-Benz GL-Class: AIRMATIC Air Suspension Compressor Failure... ~ minor: DTC codes C1A20 and C1A13 could not be verified as standard 
  [19/147] Mercedes-Benz GLE: Air Suspension Compressor Failure... ! major: DTC codes C1131/C1132 are incorrect for compressor failure -
  [20/147] Mercedes-Benz Sprinter: Turbo Resonator Crack and Boost Leak... ✓ verified
  [21/147] Mercedes-Benz E-Class: OM642 Diesel Oil Cooler Leak... ~ minor: Description incorrectly states oil leaks 'into the coolant o
  [22/147] Mercedes-Benz E-Class: COMAND Infotainment System Freeze... ✓ verified
  [23/147] Mercedes-Benz GLA: DCT Transmission Shudder... ! major: Incorrect clutch type: Mercedes 7G-DCT (724.0) uses a WET cl
  [24/147] Mercedes-Benz M-Class: OM642 Diesel Oil Cooler Seal Leak... ~ minor: Description incorrectly states oil contaminates coolant; the
  [25/147] Mercedes-Benz A-Class: MBUX Infotainment Software Bugs... ✓ verified
  [26/147] Mercedes-Benz C-Class: M274 Turbo Wastegate Rattle... ~ minor: Year range likely too broad: C-Class W205 with M274 engine w
  [27/147] Mercedes-Benz GLS: AIRMATIC Air Suspension Failure... ~ minor: DTC code C1132 is not clearly documented as an AIRMATIC-spec
  [28/147] Mercedes-Benz SL-Class: Retractable Hardtop Hydraulic System Failure... ✓ verified
  [29/147] Mercedes-Benz Sprinter: Glow Plug Failure and Cold Start Issues... ~ minor: Sprinter 1500 trim didn't exist until 2019 model year - trim
  [30/147] Mercedes-Benz GLC: M274 Turbo Coolant Line Leak... ✗ FABRICATED
  [31/147] Mercedes-Benz M-Class: M272 Balance Shaft Sprocket Wear... ~ minor: P0300 (misfire) is not a primary DTC for this issue; the cha
  [32/147] Mercedes-Benz S-Class: COMAND Head Unit Failure... ~ minor: W221 S-Class uses NTG3 (2007-2009) and NTG3.5 (2009-2013), n
  [33/147] Mercedes-Benz E-Class: Crankshaft Position Sensor Failure... ~ minor: Year range overstated - issue is most documented on W211 cha
  [34/147] Mercedes-Benz GLE: COMAND/MBUX Infotainment Freeze... ~ minor: Severity arguably under-rated: NHTSA recall 21V354 classifie
  [35/147] Mercedes-Benz A-Class: DCT Transmission Shudder... ! major: Transmission misidentified as '8G-DCT' — the 2019-2023 A220 
  [36/147] Mercedes-Benz C-Class: Cam Adjuster Solenoid Failure... ~ minor: Year range mixes two platforms (W204 through 2014 with M271 
  [37/147] Mercedes-Benz EQS: Significant Range Degradation in Cold Weather... ~ minor: The claimed 30-40% cold weather range loss is at the high en
  [38/147] Mercedes-Benz GL-Class: OM642 Diesel Oil Cooler Seal Leak... ~ minor: Description incorrectly states oil cooler is between engine 
  [39/147] Mercedes-Benz SLK/SLC: M271 Timing Chain Stretch and Tensioner Failure... ~ minor: Year range starts at 2005 but R171 SLK with M271 began in 20
  [40/147] Mercedes-Benz C-Class: Door Lock Actuator Failure... ~ minor: Repair cost range ($150-$500) is low; professional replaceme
  [41/147] Mercedes-Benz GLA: Turbo Coolant Line Leak... ~ minor: Failure mode description slightly inaccurate - forum evidenc
  [42/147] Mercedes-Benz GLC: Panoramic Sunroof Creak and Rattle... ~ minor: Repair cost ceiling of $500 may be low — one owner reported 
  [43/147] Mercedes-Benz GLS: 9G-Tronic Harsh Shift... ~ minor: GLS580 nameplate did not exist until 2020 (X167 platform); 2
  [44/147] Mercedes-Benz S-Class: Power Steering Pump Leak... ~ minor: Year range slightly inaccurate - issue is well-documented fo
  [45/147] Mercedes-Benz Sprinter: Sliding Door Roller and Track Wear... ✓ verified
  [46/147] Mercedes-Benz CLA: COMAND Infotainment Freeze... ✓ verified
  [47/147] Mercedes-Benz GLE: Diesel DPF Regeneration Issues... ~ minor: P244A code is 'DPF differential pressure too LOW' which typi
  [48/147] Mercedes-Benz SLK/SLC: M272 Balance Shaft Sprocket Wear and Failure... ~ minor: Year range too broad: defect primarily affects engines built
  [49/147] Mercedes-Benz C-Class: W204 Rear Subframe Cracking... ~ minor: Root cause mischaracterized: primarily corrosion/rust from i
  [50/147] Mercedes-Benz CLA: Turbo Oil Leak (M270)... ✓ verified
  [51/147] Mercedes-Benz S-Class: Seat Control Module Failure... ! major: DTC codes listed as 'none' but specific codes are well docum
  [52/147] Mercedes-Benz EQB: Real-World Range Significantly Below EPA Rating... ~ minor: EPA range of 243 miles is only accurate for the EQB 250+ tri
  [53/147] Mercedes-Benz G-Class: Steering Damper Wear Causing Wander and Vibration... ✓ verified
  [54/147] Mercedes-Benz SLK/SLC: Vario Roof Retractable Hardtop Hydraulic Leak... ✓ verified
  [55/147] Mercedes-Benz Metris: Power Sliding Door Cable Failure... ~ minor: Repair cost range ($600-$1400) is low; RepairPal estimates $
  [56/147] Mercedes-Benz E-Class: Turbo Oil Line Leak (M274)... ! major: Turbo oil line banjo bolt leak is a documented issue on the 
  [57/147] Mercedes-Benz GLA: Water Pump Failure... ~ minor: Description calls the pump 'electric' - the M270 water pump 
  [58/147] Mercedes-Benz GLB: 8G-DCT Transmission Shudder... ~ minor: Severity 'medium' may be slightly overstated - many reported
  [59/147] Mercedes-Benz GLE: Tailgate Wiring Harness Break... ! major: The tailgate hinge wiring harness break issue is documented 
  [60/147] Mercedes-Benz M-Class: Transfer Case Chain Wear and Whining Noise... ~ minor: Symptom description is slightly inaccurate: stretched chain 
  [61/147] Mercedes-Benz EQS: 12V Auxiliary Battery Drain... ~ minor: DTC U0100 (Lost Communication With ECM/PCM) is not the typic
  [62/147] Mercedes-Benz EQB: Infotainment System Lag and Crashes... ✓ verified
  [63/147] Mercedes-Benz CLA: Front Suspension Strut Noise... ~ minor: Repair cost upper bound likely too low - RepairPal cites $1,
  [64/147] Mercedes-Benz GLC: MBUX Infotainment System Freeze... ✓ verified
  [65/147] Mercedes-Benz GLE: 4MATIC Transfer Case Chain Stretch and Bearing Wea... ~ minor: Year range 2016-2022 is overly broad: chain-stretch is prima
  [66/147] Mercedes-Benz B-Class: Dual-Clutch Transmission (DCT) Shudder at Low Spee... ~ minor: B250e (electric variant) does not use the 7G-DCT transmissio
  [67/147] Mercedes-Benz CLS-Class: AIRMATIC Air Suspension Strut Failure... ~ minor: DTC codes C1A20 and C1A13 could not be verified as standard 
  [68/147] Mercedes-Benz GL-Class: Transfer Case Actuator and Chain Wear (4MATIC)... ~ minor: Description inaccurately includes 'electronic actuator that 
  [69/147] Mercedes-Benz G-Class: Front Axle Seal Leak... ~ minor: Description conflates differential pinion/axle seals with th
  [70/147] Mercedes-Benz A-Class: Front Suspension Strut Noise... ✓ verified
  [71/147] Mercedes-Benz GLB: MBUX Infotainment Freeze... ~ minor: Repair cost upper bound ($1500) is likely overstated — most 
  [72/147] Mercedes-Benz GLE: Rear Differential Oil Leak... ~ minor: Year range 2016-2022 spans two distinct GLE generations (W16
  [73/147] Mercedes-Benz S-Class: 48V Mild Hybrid Battery Issues... ~ minor: Severity likely undercalibrated - multiple sources document 
  [74/147] Mercedes-Benz EQE: DC Fast Charging Speed Inconsistency... ~ minor: Issue is real but largely describes normal EV charging behav
  [75/147] Mercedes-Benz CLS-Class: Crankshaft Position Sensor Failure... ~ minor: Crankshaft position sensor failure is a known general Merced
  [76/147] Mercedes-Benz Metris: Harsh Shifting and Delayed Engagement in 7G-Tronic... ~ minor: DTC codes P0730/P0777 are plausible but not the most commonl
  [77/147] Mercedes-Benz GLK-Class: Diesel Injector Leak and Black Death (OM651)... ~ minor: DTC codes P0201-P0204 are generic 'injector circuit/open' el
  [78/147] Mercedes-Benz GL-Class: Power Tailgate Strut and Latch Failure... ~ minor: Repair cost range may be slightly low - OEM motorized spindl
  [79/147] Mercedes-Benz EQB: Brake Pedal Feel Inconsistency with Regenerative B... ~ minor: Description more closely matches EQS/EQE brake-by-wire blend
  [80/147] Mercedes-Benz A-Class: Turbo Wastegate Rattle (M282)... ! major: Wrong engine code: A220 uses the M260 2.0L engine, not the M
  [81/147] Mercedes-Benz GLA: Transfer Case Noise (AWD Models)... ! major: Repair cost range $200-$2000 is significantly low; owner rep
  [82/147] Mercedes-Benz GLS: Panoramic Sunroof Water Leak... ✓ verified
  [83/147] Mercedes-Benz S-Class: Magic Body Control Camera Failure... ~ minor: S63 AMG should not be included - Magic Body Control was not 
  [84/147] Mercedes-Benz EQS: MBUX Hyperscreen Display Delamination and Dead Pix... ✗ FABRICATED
  [85/147] Mercedes-Benz G-Class: COMAND/MBUX Infotainment System Freeze and Reboot... ~ minor: The 'harsh vibration environment of body-on-frame chassis' a
  [86/147] Mercedes-Benz GLS: Battery Drain from 48V System... ! major: DTC codes appear incorrect - documented codes for this issue
  [87/147] Mercedes-Benz SL-Class: Timing Chain Variator Noise on M276/M278 Engines... ~ minor: Description conflates two related but distinct failure modes
  [88/147] Mercedes-Benz CLS-Class: LED Headlight Ballast and Control Module Failure... ~ minor: Year range too broad: Multibeam LED was only available on th
  [89/147] Mercedes-Benz EQE: Over-the-Air Software Update Failures... ~ minor: Root cause attribution is partially inaccurate: owner report
  [90/147] Mercedes-Benz GLK-Class: Transfer Case Actuator Motor Failure (4MATIC)... ✗ FABRICATED
  [91/147] Mercedes-Benz GLB: Panoramic Sunroof Creak... ~ minor: Issue is well-documented across many Mercedes-Benz models wi
  [92/147] Mercedes-Benz GLC: Air Suspension Compressor Failure... ~ minor: DTC C1132 is generic/not clearly the specific code tied to A
  [93/147] Mercedes-Benz GLK-Class: Front Suspension Strut Mount Noise and Wear... ~ minor: Repair cost range may be slightly low - RepairPal estimates 
  [94/147] Mercedes-Benz SL-Class: COMAND Infotainment System Freeze and Black Screen... ~ minor: NTG5 designation inaccurate for full 2013-2020 range; early 
  [95/147] Mercedes-Benz EQE: Suspension Clunk and Rattle Over Bumps... ✗ FABRICATED
  [96/147] Mercedes-Benz G-Class: Transfer Case Fluid Leak from Output Seal... ~ minor: Repair cost estimate ($500-$1200) appears low; G-Class trans
  [97/147] Mercedes-Benz Metris: Diesel Injector Seal Leak... ✗ FABRICATED
  [98/147] Mercedes-Benz EQS: Rear Axle Steering Calibration Fault... ! major: DTC C1500 is not a recognized Mercedes-Benz code for rear-ax
  [99/147] Mercedes-Benz EQS SUV: Hyperscreen Ghost Touches and False Inputs... ✗ FABRICATED
  [100/147] Mercedes-Benz B-Class: Turbocharger Oil Feed Line Leak... ~ minor: Issue is documented anecdotally on M270-family engines (A250
  [101/147] Mercedes-Benz AMG GT 4-Door: Air Suspension Compressor Failure... ~ minor: DTC codes C1A20 and C1A00 could not be independently verifie
  [102/147] Mercedes-Benz G-Class: Door Hinge Sag on Heavy Doors... ! major: Documented hinge issues are predominantly on the pre-2018 W4
  [103/147] Mercedes-Benz Mercedes-Maybach S-Class: Air Balance Fragrance System Malfunction... ~ minor: Documented complaints focus on scent not dispensing; the 'co
  [104/147] Mercedes-Benz AMG GT 4-Door: 48V Mild-Hybrid Battery Degradation and Faults... ~ minor: DTC codes P0A7F/P0AF0 are generic hybrid battery codes typic
  [105/147] Mercedes-Benz EQS SUV: Air Suspension Compressor Excessive Noise... ✗ parse_failed
  [106/147] Mercedes-Benz AMG GT: Active Transaxle Mount Connectivity Faults and Rep... ! major: Description claims 'three ACTIVE mounts' including the trans
  [107/147] Mercedes-Benz Mercedes-Maybach S-Class: E-Active Body Control Ride Quality Degradation... ! major: Description conflates older hydraulic ABC system with newer 
  [108/147] Mercedes-Benz AMG GT 4-Door: Rear Axle Steering System Fault... ~ minor: Specific DTC codes C1B00 and C2400 could not be independentl
  [109/147] Mercedes-Benz EQE SUV: AIRMATIC Air Suspension Fault Warning... ! major: DTC codes C1A00 and C1A01 are not Mercedes AIRMATIC ride hei
  [110/147] Mercedes-Benz B-Class: Electric Drive Motor Whine and Bearing Noise (B250... ✓ verified
  [111/147] Mercedes-Benz Mercedes-Maybach S-Class: Rear Seat Entertainment System Freeze... ~ minor: Specific technical cause (shared processing unit overwhelmed
  [112/147] Mercedes-Benz EQE SUV: OTA Update Causing System Brick... ! major: Severity overstated: documented issue is failed/stuck OTA up
  [113/147] Mercedes-Benz AMG GT: 12V Battery Drain from Telematics / Sleep-Mode Mod... ~ minor: No AMG GT C192-specific TSB or NHTSA complaint directly conf
  [114/147] Mercedes-Benz AMG GT: MBUX Instrument Cluster Blackout / Reboot While Dr... ✓ verified
  [115/147] Mercedes-Benz AMG GT: Rear-Axle Steering / Driver Assistance Warning Mes... ~ minor: The NHTSA TSB found (MC-11005348-0001) for rear-axle steerin
  [116/147] Mercedes-Benz C-Class: 48V Mild-Hybrid / Integrated Starter-Generator Fai... ~ minor: Listed DTC codes (P0A7D, P1CEB) do not match commonly docume
  [117/147] Mercedes-Benz C-Class: Driver Assistance Sensor Misalignment Causing 'Ino... ✓ verified
  [118/147] Mercedes-Benz C-Class: Front Seat Occupant Classification / Passenger Air... ~ minor: DTC code 'B00xx' is overly generic and not specifically docu
  [119/147] Mercedes-Benz C-Class: MBUX / Instrument Cluster Black Screen, Rebooting,... ✓ verified
  [120/147] Mercedes-Benz C-Class: Premature Front Brake Squeal, Judder, and Rotor/Pa... ✗ parse_failed
  [121/147] Mercedes-Benz CLS-Class: 48-Volt Integrated Starter-Generator / DC-DC Conve... ✓ verified
  [122/147] Mercedes-Benz CLS-Class: Front Brake Squeal and Premature Rotor/Pads Wear o... ~ minor: No CLS-specific TSB or NHTSA complaint cluster was found—evi
  [123/147] Mercedes-Benz CLS-Class: M264 2.0L Engine Stalling or No-Start from Crankca... ! major: Conflates two distinct issues: the P052E crankcase ventilati
  [124/147] Mercedes-Benz CLS-Class: MBUX / Instrument Cluster Software Freezes, Black ... ~ minor: Severity arguably under-rated: the MBUX black-screen/backup-
  [125/147] Mercedes-Benz CLS-Class: Panoramic Sunroof Creaking, Popping, or Binding fr... ~ minor: Severity may be overcalibrated - this is primarily a nuisanc
  [126/147] Mercedes-Benz E-Class: 48V Integrated Starter-Generator / DC-DC Converter... ~ minor: DTC codes appear questionable - documented codes for this is
  [127/147] Mercedes-Benz E-Class: Front Brake Hose May Rupture or Leak, Reducing Bra... ✗ FABRICATED
  [128/147] Mercedes-Benz E-Class: Fuel Pump Delivery Module Failure Leading to Exten... ~ minor: Year range likely overstated - documented Mercedes fuel pump
  [129/147] Mercedes-Benz E-Class: MBUX / Instrument Cluster Black Screen, Rebooting,... ~ minor: DTC codes (B15F213, U014087, U019787) could not be verified 
  [130/147] Mercedes-Benz E-Class: Panoramic Sunroof Glass Bonding Defect Can Cause P... ✗ FABRICATED
  [131/147] Mercedes-Benz SL-Class: 12V Battery/Power Management Faults Triggering No-... ✓ verified
  [132/147] Mercedes-Benz SL-Class: Convertible Soft-Top Alignment, Latch, and Water L... ~ minor: Specific documented evidence of widespread R232 soft-top ali
  [133/147] Mercedes-Benz SL-Class: Front Brake Squeal and Premature Rotor/Pads Wear o... ~ minor: Brake squeal is a well-documented characteristic of AMG high
  [134/147] Mercedes-Benz SL-Class: MBUX/Instrument Cluster Software Glitches Causing ... ! major: Year range mismatch: the documented NHTSA recall (144,049 ve
  [135/147] Mercedes-Benz SL-Class: Rear-Axle Steering Control Unit/Software Fault Cau... ~ minor: Year range overstated: documented service campaign 202303001
  [136/147] Mercedes-Benz SLC: Battery Voltage and Electronic Module Faults... ~ minor: DTC codes U0121 (ABS module communication) and U0140 (Body C
  [137/147] Mercedes-Benz SLC: Crankcase Ventilation / PCV Valve Failure... ! major: DTC codes are incorrect - actual documented code is P052E/P0
  [138/147] Mercedes-Benz SLC: NOx Sensor / Check Engine Light on SLC 43... ! major: DTC codes P2201 and P2202 are NOx sensor codes primarily ass
  [139/147] Mercedes-Benz SLC: Panoramic/Varo Roof Hydraulic or Latch Malfunction... ~ minor: Title misspells 'Vario' as 'Varo' - the correct Mercedes bra
  [140/147] Mercedes-Benz SLC: Rear Subframe Corrosion and Cracking... ✓ verified
  [141/147] Mercedes-Benz SLC: Thermostat / Coolant Pump Housing Leaks... ✓ verified
  [142/147] Mercedes-Benz SLK-Class: 7G-Tronic Conductor Plate / Speed Sensor Failure... ✓ verified
  [143/147] Mercedes-Benz SLK-Class: Balance Shaft Sprocket Wear... ~ minor: DTC list includes P1200 which is not a standard code for thi
  [144/147] Mercedes-Benz SLK-Class: Crankshaft Position Sensor Failure... ✓ verified
  [145/147] Mercedes-Benz SLK-Class: Front SAM / Water Intrusion Electrical Faults... ✗ parse_failed
  [146/147] Mercedes-Benz SLK-Class: Rear Subframe Corrosion... ~ minor: Year range is imprecise: the issue is most heavily documente
  [147/147] Mercedes-Benz SLK-Class: Roof Hydraulic Cylinder Leaks... ~ minor: Year range starts at 2000 but R170 SLK had this issue from 1

═══════════════════════════════════════════════════════════
  Audit Results
═══════════════════════════════════════════════════════════
  Verified:        26/147 (17.7%)
  Minor issues:    87/147 (59.2%)
  Major issues:    22/147 (15.0%)
  Likely fabricated: 8/147 (5.4%)
  Audit errors:    4/147 (2.7%)
  Citation links:  4/9 live (55.6% dead)

Full report written to audit-mercedes-benz-1779438177996.json
